
> world-monitor@2.5.24 test:data
> tsx --test tests/*.test.mjs tests/*.test.mts

TAP version 13
# Subtest: Bootstrap cache key registry
    # Subtest: exports BOOTSTRAP_CACHE_KEYS with at least 10 entries
    ok 1 - exports BOOTSTRAP_CACHE_KEYS with at least 10 entries
      ---
      duration_ms: 2.338472
      type: 'test'
      ...
    # Subtest: api/bootstrap.js inlined keys match server/_shared/cache-keys.ts
    ok 2 - api/bootstrap.js inlined keys match server/_shared/cache-keys.ts
      ---
      duration_ms: 1.738875
      type: 'test'
      ...
    # Subtest: every cache key matches a handler cache key pattern
    ok 3 - every cache key matches a handler cache key pattern
      ---
      duration_ms: 3.960453
      type: 'test'
      ...
    # Subtest: has no duplicate cache keys
    ok 4 - has no duplicate cache keys
      ---
      duration_ms: 0.745933
      type: 'test'
      ...
    # Subtest: has no duplicate logical names
    ok 5 - has no duplicate logical names
      ---
      duration_ms: 0.775504
      type: 'test'
      ...
    # Subtest: every cache key maps to a handler file with a matching cache key string
    not ok 6 - every cache key maps to a handler file with a matching cache key string
      ---
      duration_ms: 22.656646
      type: 'test'
      location: '/app/tests/bootstrap.test.mjs:77:3'
      failureType: 'testCodeFailure'
      error: 'Cache key "cyber:threats-bootstrap:v2" not found in any handler file'
      code: 'ERR_ASSERTION'
      name: 'AssertionError'
      expected: true
      actual: false
      operator: '=='
      stack: |-
        TestContext.<anonymous> (file:///app/tests/bootstrap.test.mjs:101:14)
        Test.runInAsyncScope (node:async_hooks:214:14)
        Test.run (node:internal/test_runner/test:1047:25)
        Suite.processPendingSubtests (node:internal/test_runner/test:744:18)
        Test.postRun (node:internal/test_runner/test:1173:19)
        Test.run (node:internal/test_runner/test:1101:12)
        async Suite.processPendingSubtests (node:internal/test_runner/test:744:7)
      ...
    1..6
not ok 1 - Bootstrap cache key registry
  ---
  duration_ms: 34.959817
  type: 'suite'
  location: '/app/tests/bootstrap.test.mjs:10:1'
  failureType: 'subtestsFailed'
  error: '1 subtest failed'
  code: 'ERR_TEST_FAILURE'
  ...
# Subtest: Bootstrap endpoint (api/bootstrap.js)
    # Subtest: exports edge runtime config
    ok 1 - exports edge runtime config
      ---
      duration_ms: 0.927407
      type: 'test'
      ...
    # Subtest: defines BOOTSTRAP_CACHE_KEYS inline
    ok 2 - defines BOOTSTRAP_CACHE_KEYS inline
      ---
      duration_ms: 0.699763
      type: 'test'
      ...
    # Subtest: defines getCachedJsonBatch inline (self-contained, no server imports)
    ok 3 - defines getCachedJsonBatch inline (self-contained, no server imports)
      ---
      duration_ms: 0.508466
      type: 'test'
      ...
    # Subtest: supports optional ?keys= query param for subset filtering
    ok 4 - supports optional ?keys= query param for subset filtering
      ---
      duration_ms: 0.765522
      type: 'test'
      ...
    # Subtest: returns JSON with data and missing keys
    ok 5 - returns JSON with data and missing keys
      ---
      duration_ms: 0.328882
      type: 'test'
      ...
    # Subtest: sets Cache-Control header with s-maxage for both tiers
    ok 6 - sets Cache-Control header with s-maxage for both tiers
      ---
      duration_ms: 0.22471
      type: 'test'
      ...
    # Subtest: validates API key for desktop origins
    ok 7 - validates API key for desktop origins
      ---
      duration_ms: 0.26111
      type: 'test'
      ...
    # Subtest: handles CORS preflight
    ok 8 - handles CORS preflight
      ---
      duration_ms: 0.352665
      type: 'test'
      ...
    # Subtest: supports ?tier= query param for tiered fetching
    ok 9 - supports ?tier= query param for tiered fetching
      ---
      duration_ms: 0.278362
      type: 'test'
      ...
    1..9
ok 2 - Bootstrap endpoint (api/bootstrap.js)
  ---
  duration_ms: 5.793209
  type: 'suite'
  ...
# Subtest: Frontend hydration (src/services/bootstrap.ts)
    # Subtest: exports getHydratedData function
    ok 1 - exports getHydratedData function
      ---
      duration_ms: 0.263951
      type: 'test'
      ...
    # Subtest: exports fetchBootstrapData function
    ok 2 - exports fetchBootstrapData function
      ---
      duration_ms: 0.208833
      type: 'test'
      ...
    # Subtest: uses consume-once pattern (deletes after read)
    ok 3 - uses consume-once pattern (deletes after read)
      ---
      duration_ms: 0.24546
      type: 'test'
      ...
    # Subtest: has a fast timeout cap to avoid regressing startup
    ok 4 - has a fast timeout cap to avoid regressing startup
      ---
      duration_ms: 0.533862
      type: 'test'
      ...
    # Subtest: fetches tiered bootstrap URLs
    ok 5 - fetches tiered bootstrap URLs
      ---
      duration_ms: 0.264241
      type: 'test'
      ...
    # Subtest: handles fetch failure silently
    ok 6 - handles fetch failure silently
      ---
      duration_ms: 0.251729
      type: 'test'
      ...
    # Subtest: fetches both tiers in parallel
    ok 7 - fetches both tiers in parallel
      ---
      duration_ms: 0.376026
      type: 'test'
      ...
    1..7
ok 3 - Frontend hydration (src/services/bootstrap.ts)
  ---
  duration_ms: 2.809849
  type: 'suite'
  ...
# Subtest: Panel hydration consumers
    # Subtest: ETFFlowsPanel checks getHydratedData('etfFlows')
    ok 1 - ETFFlowsPanel checks getHydratedData('etfFlows')
      ---
      duration_ms: 0.849462
      type: 'test'
      ...
    # Subtest: MacroSignalsPanel checks getHydratedData('macroSignals')
    ok 2 - MacroSignalsPanel checks getHydratedData('macroSignals')
      ---
      duration_ms: 0.453988
      type: 'test'
      ...
    # Subtest: ServiceStatusPanel (via infrastructure) checks getHydratedData('serviceStatuses')
    ok 3 - ServiceStatusPanel (via infrastructure) checks getHydratedData('serviceStatuses')
      ---
      duration_ms: 0.22793
      type: 'test'
      ...
    # Subtest: Sectors (via data-loader) checks getHydratedData('sectors')
    ok 4 - Sectors (via data-loader) checks getHydratedData('sectors')
      ---
      duration_ms: 0.893049
      type: 'test'
      ...
    1..4
ok 4 - Panel hydration consumers
  ---
  duration_ms: 5.135586
  type: 'suite'
  ...
# Subtest: Bootstrap key hydration coverage
    # Subtest: every bootstrap key has a getHydratedData consumer in src/
    not ok 1 - every bootstrap key has a getHydratedData consumer in src/
      ---
      duration_ms: 72.452029
      type: 'test'
      location: '/app/tests/bootstrap.test.mjs:214:3'
      failureType: 'testCodeFailure'
      error: "Bootstrap key 'cyberThreats' has no getHydratedData('cyberThreats') consumer in src/ — data is fetched but never used"
      code: 'ERR_ASSERTION'
      name: 'AssertionError'
      expected: true
      actual: false
      operator: '=='
      stack: |-
        TestContext.<anonymous> (file:///app/tests/bootstrap.test.mjs:234:14)
        Test.runInAsyncScope (node:async_hooks:214:14)
        Test.run (node:internal/test_runner/test:1047:25)
        Test.start (node:internal/test_runner/test:944:17)
        node:internal/test_runner/test:1440:71
        node:internal/per_context/primordials:464:82
        new Promise (<anonymous>)
        new SafePromise (node:internal/per_context/primordials:433:3)
        node:internal/per_context/primordials:464:9
        Array.map (<anonymous>)
      ...
    1..1
not ok 5 - Bootstrap key hydration coverage
  ---
  duration_ms: 72.846955
  type: 'suite'
  location: '/app/tests/bootstrap.test.mjs:213:1'
  failureType: 'subtestsFailed'
  error: '1 subtest failed'
  code: 'ERR_TEST_FAILURE'
  ...
# Subtest: Bootstrap tier definitions
    # Subtest: SLOW_KEYS + FAST_KEYS cover all BOOTSTRAP_CACHE_KEYS with no overlap
    ok 1 - SLOW_KEYS + FAST_KEYS cover all BOOTSTRAP_CACHE_KEYS with no overlap
      ---
      duration_ms: 2.561461
      type: 'test'
      ...
    # Subtest: tier sets in bootstrap.js match BOOTSTRAP_TIERS in cache-keys.ts
    ok 2 - tier sets in bootstrap.js match BOOTSTRAP_TIERS in cache-keys.ts
      ---
      duration_ms: 0.949405
      type: 'test'
      ...
    1..2
ok 6 - Bootstrap tier definitions
  ---
  duration_ms: 3.992875
  type: 'suite'
  ...
# Subtest: Adaptive backoff adopters
    # Subtest: ServiceStatusPanel.fetchStatus returns Promise<boolean>
    ok 1 - ServiceStatusPanel.fetchStatus returns Promise<boolean>
      ---
      duration_ms: 0.430107
      type: 'test'
      ...
    # Subtest: MacroSignalsPanel.fetchData returns Promise<boolean>
    ok 2 - MacroSignalsPanel.fetchData returns Promise<boolean>
      ---
      duration_ms: 0.324899
      type: 'test'
      ...
    # Subtest: StrategicRiskPanel.refresh returns Promise<boolean>
    ok 3 - StrategicRiskPanel.refresh returns Promise<boolean>
      ---
      duration_ms: 0.468291
      type: 'test'
      ...
    1..3
ok 7 - Adaptive backoff adopters
  ---
  duration_ms: 1.590058
  type: 'suite'
  ...
# Subtest: countries.geojson data integrity
    # Subtest: all feature names are unique
    ok 1 - all feature names are unique
      ---
      duration_ms: 2.651218
      type: 'test'
      ...
    # Subtest: major countries have correct ISO codes
    ok 2 - major countries have correct ISO codes
      ---
      duration_ms: 0.999923
      type: 'test'
      ...
    # Subtest: no major country has -99 ISO code
    ok 3 - no major country has -99 ISO code
      ---
      duration_ms: 0.663982
      type: 'test'
      ...
    # Subtest: -99 count stays bounded (max 25)
    ok 4 - -99 count stays bounded (max 25)
      ---
      duration_ms: 0.390622
      type: 'test'
      ...
    1..4
ok 8 - countries.geojson data integrity
  ---
  duration_ms: 7.646368
  type: 'suite'
  ...
# Subtest: deploy/cache configuration guardrails
    # Subtest: disables caching for HTML entry routes on Vercel
    ok 1 - disables caching for HTML entry routes on Vercel
      ---
      duration_ms: 2.493962
      type: 'test'
      ...
    # Subtest: keeps immutable caching for hashed static assets
    ok 2 - keeps immutable caching for hashed static assets
      ---
      duration_ms: 0.431765
      type: 'test'
      ...
    # Subtest: keeps PWA precache glob free of HTML files
    ok 3 - keeps PWA precache glob free of HTML files
      ---
      duration_ms: 0.790638
      type: 'test'
      ...
    # Subtest: explicitly disables navigateFallback when HTML is not precached
    ok 4 - explicitly disables navigateFallback when HTML is not precached
      ---
      duration_ms: 0.519561
      type: 'test'
      ...
    # Subtest: uses network-first runtime caching for navigation requests
    ok 5 - uses network-first runtime caching for navigation requests
      ---
      duration_ms: 0.707895
      type: 'test'
      ...
    # Subtest: contains variant-specific metadata fields used by html replacement and manifest
    ok 6 - contains variant-specific metadata fields used by html replacement and manifest
      ---
      duration_ms: 0.619811
      type: 'test'
      ...
    1..6
ok 9 - deploy/cache configuration guardrails
  ---
  duration_ms: 8.198839
  type: 'suite'
  ...
# Subtest: security header guardrails
    # Subtest: includes all 6 required security headers on catch-all route
    ok 1 - includes all 6 required security headers on catch-all route
      ---
      duration_ms: 1.22153
      type: 'test'
      ...
    # Subtest: Permissions-Policy disables all expected browser APIs
    ok 2 - Permissions-Policy disables all expected browser APIs
      ---
      duration_ms: 0.723502
      type: 'test'
      ...
    # Subtest: Permissions-Policy delegates YouTube APIs to YouTube origins
    ok 3 - Permissions-Policy delegates YouTube APIs to YouTube origins
      ---
      duration_ms: 0.58261
      type: 'test'
      ...
    # Subtest: CSP connect-src does not allow unencrypted WebSocket (ws:)
    ok 4 - CSP connect-src does not allow unencrypted WebSocket (ws:)
      ---
      duration_ms: 0.628677
      type: 'test'
      ...
    # Subtest: CSP connect-src does not contain localhost in production
    ok 5 - CSP connect-src does not contain localhost in production
      ---
      duration_ms: 0.487975
      type: 'test'
      ...
    # Subtest: CSP script-src uses hashes instead of unsafe-inline
    not ok 6 - CSP script-src uses hashes instead of unsafe-inline
      ---
      duration_ms: 1.541599
      type: 'test'
      location: '/app/tests/deploy-config.test.mjs:143:3'
      failureType: 'testCodeFailure'
      error: 'CSP script-src must not contain unsafe-inline — use sha256 hashes'
      code: 'ERR_ASSERTION'
      name: 'AssertionError'
      expected: true
      actual: false
      operator: '=='
      stack: |-
        TestContext.<anonymous> (file:///app/tests/deploy-config.test.mjs:146:12)
        Test.runInAsyncScope (node:async_hooks:214:14)
        Test.run (node:internal/test_runner/test:1047:25)
        Suite.processPendingSubtests (node:internal/test_runner/test:744:18)
        Test.postRun (node:internal/test_runner/test:1173:19)
        Test.run (node:internal/test_runner/test:1101:12)
        async Suite.processPendingSubtests (node:internal/test_runner/test:744:7)
      ...
    # Subtest: security.txt exists in public/.well-known/
    ok 7 - security.txt exists in public/.well-known/
      ---
      duration_ms: 0.464253
      type: 'test'
      ...
    1..7
not ok 10 - security header guardrails
  ---
  duration_ms: 6.908025
  type: 'suite'
  location: '/app/tests/deploy-config.test.mjs:77:1'
  failureType: 'subtestsFailed'
  error: '1 subtest failed'
  code: 'ERR_TEST_FAILURE'
  ...
# Subtest: matches full variant for dotted World.Monitor AppImage asset names
ok 11 - matches full variant for dotted World.Monitor AppImage asset names
  ---
  duration_ms: 56.596644
  type: 'test'
  ...
# Subtest: matches tech variant for dashed Tech-Monitor AppImage asset names
ok 12 - matches tech variant for dashed Tech-Monitor AppImage asset names
  ---
  duration_ms: 2.27843
  type: 'test'
  ...
# Subtest: falls back to release page when requested variant has no matching asset
ok 13 - falls back to release page when requested variant has no matching asset
  ---
  duration_ms: 1.970855
  type: 'test'
  ...
# Subtest: Edge Function module isolation
    # Subtest: ais-snapshot.js does not import from ../server/ (Edge Functions cannot resolve cross-directory TS)
    ok 1 - ais-snapshot.js does not import from ../server/ (Edge Functions cannot resolve cross-directory TS)
      ---
      duration_ms: 3.156752
      type: 'test'
      ...
    # Subtest: ais-snapshot.js does not import from ../src/ (Edge Functions cannot resolve TS aliases)
    ok 2 - ais-snapshot.js does not import from ../src/ (Edge Functions cannot resolve TS aliases)
      ---
      duration_ms: 0.571169
      type: 'test'
      ...
    # Subtest: bootstrap.js does not import from ../server/ (Edge Functions cannot resolve cross-directory TS)
    ok 3 - bootstrap.js does not import from ../server/ (Edge Functions cannot resolve cross-directory TS)
      ---
      duration_ms: 0.382396
      type: 'test'
      ...
    # Subtest: bootstrap.js does not import from ../src/ (Edge Functions cannot resolve TS aliases)
    ok 4 - bootstrap.js does not import from ../src/ (Edge Functions cannot resolve TS aliases)
      ---
      duration_ms: 0.375215
      type: 'test'
      ...
    # Subtest: cache-purge.js does not import from ../server/ (Edge Functions cannot resolve cross-directory TS)
    ok 5 - cache-purge.js does not import from ../server/ (Edge Functions cannot resolve cross-directory TS)
      ---
      duration_ms: 0.35991
      type: 'test'
      ...
    # Subtest: cache-purge.js does not import from ../src/ (Edge Functions cannot resolve TS aliases)
    ok 6 - cache-purge.js does not import from ../src/ (Edge Functions cannot resolve TS aliases)
      ---
      duration_ms: 0.488008
      type: 'test'
      ...
    # Subtest: download.js does not import from ../server/ (Edge Functions cannot resolve cross-directory TS)
    ok 7 - download.js does not import from ../server/ (Edge Functions cannot resolve cross-directory TS)
      ---
      duration_ms: 0.408647
      type: 'test'
      ...
    # Subtest: download.js does not import from ../src/ (Edge Functions cannot resolve TS aliases)
    ok 8 - download.js does not import from ../src/ (Edge Functions cannot resolve TS aliases)
      ---
      duration_ms: 0.56291
      type: 'test'
      ...
    # Subtest: fwdstart.js does not import from ../server/ (Edge Functions cannot resolve cross-directory TS)
    ok 9 - fwdstart.js does not import from ../server/ (Edge Functions cannot resolve cross-directory TS)
      ---
      duration_ms: 0.885708
      type: 'test'
      ...
    # Subtest: fwdstart.js does not import from ../src/ (Edge Functions cannot resolve TS aliases)
    ok 10 - fwdstart.js does not import from ../src/ (Edge Functions cannot resolve TS aliases)
      ---
      duration_ms: 0.829299
      type: 'test'
      ...
    # Subtest: geo.js does not import from ../server/ (Edge Functions cannot resolve cross-directory TS)
    ok 11 - geo.js does not import from ../server/ (Edge Functions cannot resolve cross-directory TS)
      ---
      duration_ms: 0.395948
      type: 'test'
      ...
    # Subtest: geo.js does not import from ../src/ (Edge Functions cannot resolve TS aliases)
    ok 12 - geo.js does not import from ../src/ (Edge Functions cannot resolve TS aliases)
      ---
      duration_ms: 0.318714
      type: 'test'
      ...
    # Subtest: gpsjam.js does not import from ../server/ (Edge Functions cannot resolve cross-directory TS)
    ok 13 - gpsjam.js does not import from ../server/ (Edge Functions cannot resolve cross-directory TS)
      ---
      duration_ms: 0.331804
      type: 'test'
      ...
    # Subtest: gpsjam.js does not import from ../src/ (Edge Functions cannot resolve TS aliases)
    ok 14 - gpsjam.js does not import from ../src/ (Edge Functions cannot resolve TS aliases)
      ---
      duration_ms: 0.346316
      type: 'test'
      ...
    # Subtest: og-story.js does not import from ../server/ (Edge Functions cannot resolve cross-directory TS)
    ok 15 - og-story.js does not import from ../server/ (Edge Functions cannot resolve cross-directory TS)
      ---
      duration_ms: 2.14372
      type: 'test'
      ...
    # Subtest: og-story.js does not import from ../src/ (Edge Functions cannot resolve TS aliases)
    ok 16 - og-story.js does not import from ../src/ (Edge Functions cannot resolve TS aliases)
      ---
      duration_ms: 0.356042
      type: 'test'
      ...
    # Subtest: opensky.js does not import from ../server/ (Edge Functions cannot resolve cross-directory TS)
    ok 17 - opensky.js does not import from ../server/ (Edge Functions cannot resolve cross-directory TS)
      ---
      duration_ms: 0.20881
      type: 'test'
      ...
    # Subtest: opensky.js does not import from ../src/ (Edge Functions cannot resolve TS aliases)
    ok 18 - opensky.js does not import from ../src/ (Edge Functions cannot resolve TS aliases)
      ---
      duration_ms: 0.226723
      type: 'test'
      ...
    # Subtest: oref-alerts.js does not import from ../server/ (Edge Functions cannot resolve cross-directory TS)
    ok 19 - oref-alerts.js does not import from ../server/ (Edge Functions cannot resolve cross-directory TS)
      ---
      duration_ms: 0.164074
      type: 'test'
      ...
    # Subtest: oref-alerts.js does not import from ../src/ (Edge Functions cannot resolve TS aliases)
    ok 20 - oref-alerts.js does not import from ../src/ (Edge Functions cannot resolve TS aliases)
      ---
      duration_ms: 0.23924
      type: 'test'
      ...
    # Subtest: polymarket.js does not import from ../server/ (Edge Functions cannot resolve cross-directory TS)
    ok 21 - polymarket.js does not import from ../server/ (Edge Functions cannot resolve cross-directory TS)
      ---
      duration_ms: 0.182519
      type: 'test'
      ...
    # Subtest: polymarket.js does not import from ../src/ (Edge Functions cannot resolve TS aliases)
    ok 22 - polymarket.js does not import from ../src/ (Edge Functions cannot resolve TS aliases)
      ---
      duration_ms: 0.18563
      type: 'test'
      ...
    # Subtest: register-interest.js does not import from ../server/ (Edge Functions cannot resolve cross-directory TS)
    ok 23 - register-interest.js does not import from ../server/ (Edge Functions cannot resolve cross-directory TS)
      ---
      duration_ms: 0.332685
      type: 'test'
      ...
    # Subtest: register-interest.js does not import from ../src/ (Edge Functions cannot resolve TS aliases)
    ok 24 - register-interest.js does not import from ../src/ (Edge Functions cannot resolve TS aliases)
      ---
      duration_ms: 0.240014
      type: 'test'
      ...
    # Subtest: rss-proxy.js does not import from ../server/ (Edge Functions cannot resolve cross-directory TS)
    ok 25 - rss-proxy.js does not import from ../server/ (Edge Functions cannot resolve cross-directory TS)
      ---
      duration_ms: 0.322274
      type: 'test'
      ...
    # Subtest: rss-proxy.js does not import from ../src/ (Edge Functions cannot resolve TS aliases)
    ok 26 - rss-proxy.js does not import from ../src/ (Edge Functions cannot resolve TS aliases)
      ---
      duration_ms: 0.220662
      type: 'test'
      ...
    # Subtest: story.js does not import from ../server/ (Edge Functions cannot resolve cross-directory TS)
    ok 27 - story.js does not import from ../server/ (Edge Functions cannot resolve cross-directory TS)
      ---
      duration_ms: 0.223117
      type: 'test'
      ...
    # Subtest: story.js does not import from ../src/ (Edge Functions cannot resolve TS aliases)
    ok 28 - story.js does not import from ../src/ (Edge Functions cannot resolve TS aliases)
      ---
      duration_ms: 0.191939
      type: 'test'
      ...
    # Subtest: telegram-feed.js does not import from ../server/ (Edge Functions cannot resolve cross-directory TS)
    ok 29 - telegram-feed.js does not import from ../server/ (Edge Functions cannot resolve cross-directory TS)
      ---
      duration_ms: 0.160427
      type: 'test'
      ...
    # Subtest: telegram-feed.js does not import from ../src/ (Edge Functions cannot resolve TS aliases)
    ok 30 - telegram-feed.js does not import from ../src/ (Edge Functions cannot resolve TS aliases)
      ---
      duration_ms: 0.161007
      type: 'test'
      ...
    # Subtest: version.js does not import from ../server/ (Edge Functions cannot resolve cross-directory TS)
    ok 31 - version.js does not import from ../server/ (Edge Functions cannot resolve cross-directory TS)
      ---
      duration_ms: 0.252712
      type: 'test'
      ...
    # Subtest: version.js does not import from ../src/ (Edge Functions cannot resolve TS aliases)
    ok 32 - version.js does not import from ../src/ (Edge Functions cannot resolve TS aliases)
      ---
      duration_ms: 0.163798
      type: 'test'
      ...
    1..32
ok 14 - Edge Function module isolation
  ---
  duration_ms: 20.052168
  type: 'suite'
  ...
# Subtest: flushStaleRefreshes behavior
    # Subtest: loads flushStaleRefreshes from App.ts source
    ok 1 - loads flushStaleRefreshes from App.ts source
      ---
      duration_ms: 3.987399
      type: 'test'
      ...
    # Subtest: re-triggers services hidden longer than their interval
    ok 2 - re-triggers services hidden longer than their interval
      ---
      duration_ms: 2.120259
      type: 'test'
      ...
    # Subtest: does nothing when hiddenSince is 0
    ok 3 - does nothing when hiddenSince is 0
      ---
      duration_ms: 1.535731
      type: 'test'
      ...
    # Subtest: skips services hidden for less than their interval
    ok 4 - skips services hidden for less than their interval
      ---
      duration_ms: 1.644475
      type: 'test'
      ...
    # Subtest: staggers re-triggered services deterministically by 150ms
    ok 5 - staggers re-triggered services deterministically by 150ms
      ---
      duration_ms: 2.438029
      type: 'test'
      ...
    # Subtest: cleans up stale flush timeout IDs after triggering
    ok 6 - cleans up stale flush timeout IDs after triggering
      ---
      duration_ms: 1.212962
      type: 'test'
      ...
    # Subtest: does not trigger non-stale services
    ok 7 - does not trigger non-stale services
      ---
      duration_ms: 0.831078
      type: 'test'
      ...
    1..7
ok 15 - flushStaleRefreshes behavior
  ---
  duration_ms: 16.618193
  type: 'suite'
  ...
# Subtest: tokenizeForMatch
    # Subtest: splits on whitespace and lowercases
    ok 1 - splits on whitespace and lowercases
      ---
      duration_ms: 3.424017
      type: 'test'
      ...
    # Subtest: strips leading/trailing punctuation
    ok 2 - strips leading/trailing punctuation
      ---
      duration_ms: 0.556823
      type: 'test'
      ...
    # Subtest: decomposes possessives
    ok 3 - decomposes possessives
      ---
      duration_ms: 0.506114
      type: 'test'
      ...
    # Subtest: decomposes hyphenated words
    ok 4 - decomposes hyphenated words
      ---
      duration_ms: 0.38558
      type: 'test'
      ...
    # Subtest: handles empty input
    ok 5 - handles empty input
      ---
      duration_ms: 0.401763
      type: 'test'
      ...
    # Subtest: handles punctuation-only tokens
    ok 6 - handles punctuation-only tokens
      ---
      duration_ms: 0.277121
      type: 'test'
      ...
    1..6
ok 16 - tokenizeForMatch
  ---
  duration_ms: 8.342255
  type: 'suite'
  ...
# Subtest: false positive prevention
    # Subtest: "ambassador" does NOT match "assad"
    ok 1 - "ambassador" does NOT match "assad"
      ---
      duration_ms: 1.087612
      type: 'test'
      ...
    # Subtest: "rights" does NOT match "hts"
    ok 2 - "rights" does NOT match "hts"
      ---
      duration_ms: 0.757725
      type: 'test'
      ...
    # Subtest: "Ukrainian" does NOT match "iran"
    ok 3 - "Ukrainian" does NOT match "iran"
      ---
      duration_ms: 0.554539
      type: 'test'
      ...
    # Subtest: "focus" does NOT match "us"
    ok 4 - "focus" does NOT match "us"
      ---
      duration_ms: 0.553774
      type: 'test'
      ...
    # Subtest: "housing" does NOT match "house"
    ok 5 - "housing" does NOT match "house"
      ---
      duration_ms: 2.359947
      type: 'test'
      ...
    # Subtest: "warehouse" does NOT match "house"
    ok 6 - "warehouse" does NOT match "house"
      ---
      duration_ms: 0.378648
      type: 'test'
      ...
    # Subtest: "discuss" does NOT match "us"
    ok 7 - "discuss" does NOT match "us"
      ---
      duration_ms: 0.327964
      type: 'test'
      ...
    # Subtest: "bushfire" does NOT match "us"
    ok 8 - "bushfire" does NOT match "us"
      ---
      duration_ms: 0.198081
      type: 'test'
      ...
    # Subtest: "Thailand" does NOT match "ai"
    ok 9 - "Thailand" does NOT match "ai"
      ---
      duration_ms: 0.188363
      type: 'test'
      ...
    1..9
ok 17 - false positive prevention
  ---
  duration_ms: 7.525924
  type: 'suite'
  ...
# Subtest: true positive preservation
    # Subtest: "Assad regime forces" matches "assad"
    ok 1 - "Assad regime forces" matches "assad"
      ---
      duration_ms: 0.430551
      type: 'test'
      ...
    # Subtest: "HTS forces advance" matches "hts"
    ok 2 - "HTS forces advance" matches "hts"
      ---
      duration_ms: 0.222044
      type: 'test'
      ...
    # Subtest: "Iran sanctions" matches "iran"
    ok 3 - "Iran sanctions" matches "iran"
      ---
      duration_ms: 0.183963
      type: 'test'
      ...
    # Subtest: "US announces" matches "us"
    ok 4 - "US announces" matches "us"
      ---
      duration_ms: 0.413491
      type: 'test'
      ...
    # Subtest: "The House voted" matches "house"
    ok 5 - "The House voted" matches "house"
      ---
      duration_ms: 0.202352
      type: 'test'
      ...
    1..5
ok 18 - true positive preservation
  ---
  duration_ms: 1.812349
  type: 'suite'
  ...
# Subtest: possessive matching
    # Subtest: "Assad's forces" matches "assad"
    ok 1 - "Assad's forces" matches "assad"
      ---
      duration_ms: 0.283857
      type: 'test'
      ...
    # Subtest: "Iran's nuclear program" matches "iran"
    ok 2 - "Iran's nuclear program" matches "iran"
      ---
      duration_ms: 0.214118
      type: 'test'
      ...
    # Subtest: "Putin's war" matches "putin"
    ok 3 - "Putin's war" matches "putin"
      ---
      duration_ms: 0.187669
      type: 'test'
      ...
    # Subtest: "China's economy" matches "china"
    ok 4 - "China's economy" matches "china"
      ---
      duration_ms: 0.204791
      type: 'test'
      ...
    1..4
ok 19 - possessive matching
  ---
  duration_ms: 1.22225
  type: 'suite'
  ...
# Subtest: inflection suffix matching
    # Subtest: "houthis" matches keyword "houthi" (plural -s)
    ok 1 - "houthis" matches keyword "houthi" (plural -s)
      ---
      duration_ms: 0.613026
      type: 'test'
      ...
    # Subtest: "missiles" matches keyword "missile" (plural -s)
    ok 2 - "missiles" matches keyword "missile" (plural -s)
      ---
      duration_ms: 0.297276
      type: 'test'
      ...
    # Subtest: "drones" matches keyword "drone" (plural -s)
    ok 3 - "drones" matches keyword "drone" (plural -s)
      ---
      duration_ms: 0.197516
      type: 'test'
      ...
    # Subtest: "Ukrainian" matches keyword "ukraine" (demonym -ian)
    ok 4 - "Ukrainian" matches keyword "ukraine" (demonym -ian)
      ---
      duration_ms: 0.233031
      type: 'test'
      ...
    # Subtest: "Iranian" matches keyword "iran" (demonym -ian)
    ok 5 - "Iranian" matches keyword "iran" (demonym -ian)
      ---
      duration_ms: 0.347421
      type: 'test'
      ...
    # Subtest: "Israeli" matches keyword "israel" (demonym -i)
    ok 6 - "Israeli" matches keyword "israel" (demonym -i)
      ---
      duration_ms: 0.304332
      type: 'test'
      ...
    # Subtest: "Russian" matches keyword "russia" (demonym -n)
    ok 7 - "Russian" matches keyword "russia" (demonym -n)
      ---
      duration_ms: 0.300055
      type: 'test'
      ...
    # Subtest: "Taiwanese" matches keyword "taiwan" (demonym -ese)
    ok 8 - "Taiwanese" matches keyword "taiwan" (demonym -ese)
      ---
      duration_ms: 0.261025
      type: 'test'
      ...
    # Subtest: suffix matching does NOT cause false positives for unrelated words
    ok 9 - suffix matching does NOT cause false positives for unrelated words
      ---
      duration_ms: 0.259981
      type: 'test'
      ...
    # Subtest: "Iranians" matches keyword "iran" (plural demonym -ians)
    ok 10 - "Iranians" matches keyword "iran" (plural demonym -ians)
      ---
      duration_ms: 0.325152
      type: 'test'
      ...
    # Subtest: "Ukrainians" matches keyword "ukraine" (plural demonym -ians with e-drop)
    ok 11 - "Ukrainians" matches keyword "ukraine" (plural demonym -ians with e-drop)
      ---
      duration_ms: 0.227581
      type: 'test'
      ...
    # Subtest: "Russians" matches keyword "russia" (plural demonym -ns)
    ok 12 - "Russians" matches keyword "russia" (plural demonym -ns)
      ---
      duration_ms: 0.235363
      type: 'test'
      ...
    # Subtest: "Israelis" matches keyword "israel" (plural demonym -is)
    ok 13 - "Israelis" matches keyword "israel" (plural demonym -is)
      ---
      duration_ms: 0.196877
      type: 'test'
      ...
    # Subtest: short keywords (<4 chars) do NOT suffix-match
    ok 14 - short keywords (<4 chars) do NOT suffix-match
      ---
      duration_ms: 0.417099
      type: 'test'
      ...
    # Subtest: short keywords still exact-match
    ok 15 - short keywords still exact-match
      ---
      duration_ms: 0.402471
      type: 'test'
      ...
    1..15
ok 20 - inflection suffix matching
  ---
  duration_ms: 6.120125
  type: 'suite'
  ...
# Subtest: multi-word phrase matching
    # Subtest: "White House announces" matches "white house"
    ok 1 - "White House announces" matches "white house"
      ---
      duration_ms: 0.41408
      type: 'test'
      ...
    # Subtest: "The house is painted white" does NOT match "white house"
    ok 2 - "The house is painted white" does NOT match "white house"
      ---
      duration_ms: 0.263379
      type: 'test'
      ...
    # Subtest: "supreme court" matches multi-word
    ok 3 - "supreme court" matches multi-word
      ---
      duration_ms: 0.288122
      type: 'test'
      ...
    # Subtest: "silicon valley" matches multi-word
    ok 4 - "silicon valley" matches multi-word
      ---
      duration_ms: 0.274828
      type: 'test'
      ...
    # Subtest: "South Korean" matches "south korea" (multi-word demonym)
    ok 5 - "South Korean" matches "south korea" (multi-word demonym)
      ---
      duration_ms: 0.321023
      type: 'test'
      ...
    # Subtest: "North Korean" matches "north korea" (multi-word demonym)
    ok 6 - "North Korean" matches "north korea" (multi-word demonym)
      ---
      duration_ms: 0.2475
      type: 'test'
      ...
    # Subtest: "South Koreans" matches "south korea" (multi-word plural demonym)
    ok 7 - "South Koreans" matches "south korea" (multi-word plural demonym)
      ---
      duration_ms: 0.25479
      type: 'test'
      ...
    # Subtest: "tech layoffs" matches multi-word
    ok 8 - "tech layoffs" matches multi-word
      ---
      duration_ms: 0.22039
      type: 'test'
      ...
    1..8
ok 21 - multi-word phrase matching
  ---
  duration_ms: 2.911585
  type: 'suite'
  ...
# Subtest: DC keywords (cleaned)
    # Subtest: does NOT contain "house" as standalone keyword
    ok 1 - does NOT contain "house" as standalone keyword
      ---
      duration_ms: 0.480173
      type: 'test'
      ...
    # Subtest: does NOT contain "us " trailing-space hack
    ok 2 - does NOT contain "us " trailing-space hack
      ---
      duration_ms: 0.397981
      type: 'test'
      ...
    # Subtest: "Housing market crashes" does NOT match any DC keyword
    ok 3 - "Housing market crashes" does NOT match any DC keyword
      ---
      duration_ms: 0.404085
      type: 'test'
      ...
    # Subtest: "White House announces budget" DOES match DC
    ok 4 - "White House announces budget" DOES match DC
      ---
      duration_ms: 0.220342
      type: 'test'
      ...
    # Subtest: "Congress passes bill" DOES match DC
    ok 5 - "Congress passes bill" DOES match DC
      ---
      duration_ms: 0.40789
      type: 'test'
      ...
    1..5
ok 22 - DC keywords (cleaned)
  ---
  duration_ms: 2.43151
  type: 'suite'
  ...
# Subtest: integration: hub keyword matching
    # Subtest: matches Damascus for Syrian conflict news
    ok 1 - matches Damascus for Syrian conflict news
      ---
      duration_ms: 0.553993
      type: 'test'
      ...
    # Subtest: does NOT match Damascus for "ambassador rights" headline
    ok 2 - does NOT match Damascus for "ambassador rights" headline
      ---
      duration_ms: 0.332172
      type: 'test'
      ...
    # Subtest: matches Damascus for "Syrian" as standalone word
    ok 3 - matches Damascus for "Syrian" as standalone word
      ---
      duration_ms: 0.299587
      type: 'test'
      ...
    # Subtest: matches conflict zone keywords with plural forms
    ok 4 - matches conflict zone keywords with plural forms
      ---
      duration_ms: 3.042765
      type: 'test'
      ...
    1..4
ok 23 - integration: hub keyword matching
  ---
  duration_ms: 4.602116
  type: 'suite'
  ...
# Subtest: matchesAnyKeyword
    # Subtest: returns true when any keyword matches
    ok 1 - returns true when any keyword matches
      ---
      duration_ms: 0.331439
      type: 'test'
      ...
    # Subtest: returns false when no keyword matches
    ok 2 - returns false when no keyword matches
      ---
      duration_ms: 0.25545
      type: 'test'
      ...
    1..2
ok 24 - matchesAnyKeyword
  ---
  duration_ms: 0.80813
  type: 'suite'
  ...
# Subtest: findMatchingKeywords
    # Subtest: returns all matching keywords
    ok 1 - returns all matching keywords
      ---
      duration_ms: 0.359528
      type: 'test'
      ...
    # Subtest: returns empty array when nothing matches
    ok 2 - returns empty array when nothing matches
      ---
      duration_ms: 0.291584
      type: 'test'
      ...
    1..2
ok 25 - findMatchingKeywords
  ---
  duration_ms: 1.032193
  type: 'suite'
  ...
# Subtest: edge cases
    # Subtest: empty keyword returns false
    ok 1 - empty keyword returns false
      ---
      duration_ms: 0.296931
      type: 'test'
      ...
    # Subtest: numbers in tokens work
    ok 2 - numbers in tokens work
      ---
      duration_ms: 0.291714
      type: 'test'
      ...
    # Subtest: case insensitive matching
    ok 3 - case insensitive matching
      ---
      duration_ms: 0.225441
      type: 'test'
      ...
    1..3
ok 26 - edge cases
  ---
  duration_ms: 1.060447
  type: 'suite'
  ...
# Subtest: MapContainer globe routing
    # Subtest: delegates setAisData to globeMap when useGlobe is true
    ok 1 - delegates setAisData to globeMap when useGlobe is true
      ---
      duration_ms: 1.852714
      type: 'test'
      ...
    # Subtest: delegates setFlightDelays to globeMap when useGlobe is true
    ok 2 - delegates setFlightDelays to globeMap when useGlobe is true
      ---
      duration_ms: 0.504203
      type: 'test'
      ...
    1..2
ok 27 - MapContainer globe routing
  ---
  duration_ms: 4.682835
  type: 'suite'
  ...
# Subtest: GlobeMap AIS ship traffic markers
    # Subtest: imports AisDisruptionEvent and AisDisruptionType from @/types
    ok 1 - imports AisDisruptionEvent and AisDisruptionType from @/types
      ---
      duration_ms: 0.947355
      type: 'test'
      ...
    # Subtest: defines AisDisruptionMarker interface with required fields
    ok 2 - defines AisDisruptionMarker interface with required fields
      ---
      duration_ms: 0.451468
      type: 'test'
      ...
    # Subtest: includes AisDisruptionMarker in GlobeMarker union
    ok 3 - includes AisDisruptionMarker in GlobeMarker union
      ---
      duration_ms: 0.497496
      type: 'test'
      ...
    # Subtest: flushMarkers gates aisMarkers behind layers.ais
    ok 4 - flushMarkers gates aisMarkers behind layers.ais
      ---
      duration_ms: 0.679747
      type: 'test'
      ...
    # Subtest: setAisData maps disruptions to aisMarkers with correct fields
    ok 5 - setAisData maps disruptions to aisMarkers with correct fields
      ---
      duration_ms: 0.748618
      type: 'test'
      ...
    # Subtest: buildMarkerElement renders aisDisruption with severity-appropriate color
    ok 6 - buildMarkerElement renders aisDisruption with severity-appropriate color
      ---
      duration_ms: 1.344447
      type: 'test'
      ...
    # Subtest: showMarkerTooltip renders aisDisruption with name/type/severity fields
    ok 7 - showMarkerTooltip renders aisDisruption with name/type/severity fields
      ---
      duration_ms: 0.517262
      type: 'test'
      ...
    1..7
ok 28 - GlobeMap AIS ship traffic markers
  ---
  duration_ms: 6.601411
  type: 'suite'
  ...
# Subtest: dayNight toggle suppressed on globe
    # Subtest: initGlobe sets layers.dayNight to false after init
    ok 1 - initGlobe sets layers.dayNight to false after init
      ---
      duration_ms: 0.488823
      type: 'test'
      ...
    # Subtest: initGlobe removes dayNight toggle from UI
    ok 2 - initGlobe removes dayNight toggle from UI
      ---
      duration_ms: 0.257619
      type: 'test'
      ...
    # Subtest: setLayers overrides incoming dayNight to false
    ok 3 - setLayers overrides incoming dayNight to false
      ---
      duration_ms: 0.287591
      type: 'test'
      ...
    # Subtest: enableLayer ignores dayNight calls
    ok 4 - enableLayer ignores dayNight calls
      ---
      duration_ms: 0.404983
      type: 'test'
      ...
    1..4
ok 29 - dayNight toggle suppressed on globe
  ---
  duration_ms: 1.871219
  type: 'suite'
  ...
# Subtest: gulf-fdi dataset integrity
    # Subtest: contains records
    ok 1 - contains records
      ---
      duration_ms: 1.987932
      type: 'test'
      ...
    # Subtest: has unique IDs
    ok 2 - has unique IDs
      ---
      duration_ms: 0.623818
      type: 'test'
      ...
    # Subtest: uses valid enum-like values
    ok 3 - uses valid enum-like values
      ---
      duration_ms: 0.496395
      type: 'test'
      ...
    # Subtest: keeps latitude/longitude in valid ranges
    ok 4 - keeps latitude/longitude in valid ranges
      ---
      duration_ms: 0.538128
      type: 'test'
      ...
    # Subtest: keeps optional numeric fields in sane bounds
    ok 5 - keeps optional numeric fields in sane bounds
      ---
      duration_ms: 0.712471
      type: 'test'
      ...
    # Subtest: validates year and URL fields when present
    ok 6 - validates year and URL fields when present
      ---
      duration_ms: 0.844775
      type: 'test'
      ...
    1..6
ok 30 - gulf-fdi dataset integrity
  ---
  duration_ms: 7.870706
  type: 'suite'
  ...
# Subtest: conflict/index.ts — per-country HAPI circuit breakers
    # Subtest: does NOT have a single shared hapiBreaker
    ok 1 - does NOT have a single shared hapiBreaker
      ---
      duration_ms: 2.043665
      type: 'test'
      ...
    # Subtest: has a hapiBreakers Map for per-country instances
    ok 2 - has a hapiBreakers Map for per-country instances
      ---
      duration_ms: 0.466825
      type: 'test'
      ...
    # Subtest: has a getHapiBreaker(iso2) factory function
    ok 3 - has a getHapiBreaker(iso2) factory function
      ---
      duration_ms: 0.432469
      type: 'test'
      ...
    # Subtest: fetchHapiSummary calls getHapiBreaker(iso2).execute not a shared breaker
    ok 4 - fetchHapiSummary calls getHapiBreaker(iso2).execute not a shared breaker
      ---
      duration_ms: 0.436313
      type: 'test'
      ...
    # Subtest: per-country breaker names embed iso2
    ok 5 - per-country breaker names embed iso2
      ---
      duration_ms: 0.420372
      type: 'test'
      ...
    1..5
ok 31 - conflict/index.ts — per-country HAPI circuit breakers
  ---
  duration_ms: 6.169483
  type: 'suite'
  ...
# Subtest: gdelt-intel.ts — dedicated circuit breakers per GDELT query type
    # Subtest: has a dedicated positiveGdeltBreaker separate from gdeltBreaker
    ok 1 - has a dedicated positiveGdeltBreaker separate from gdeltBreaker
      ---
      duration_ms: 0.674468
      type: 'test'
      ...
    # Subtest: GDELT breakers have distinct names
    ok 2 - GDELT breakers have distinct names
      ---
      duration_ms: 0.363862
      type: 'test'
      ...
    # Subtest: fetchGdeltArticles uses gdeltBreaker, NOT positiveGdeltBreaker
    ok 3 - fetchGdeltArticles uses gdeltBreaker, NOT positiveGdeltBreaker
      ---
      duration_ms: 0.710645
      type: 'test'
      ...
    # Subtest: fetchPositiveGdeltArticles uses positiveGdeltBreaker, NOT gdeltBreaker
    ok 4 - fetchPositiveGdeltArticles uses positiveGdeltBreaker, NOT gdeltBreaker
      ---
      duration_ms: 0.436112
      type: 'test'
      ...
    1..4
ok 32 - gdelt-intel.ts — dedicated circuit breakers per GDELT query type
  ---
  duration_ms: 3.119595
  type: 'suite'
  ...
# [HDX HAPI:US] Failed: Error: HDX HAPI unavailable
# [HDX HAPI:US] Failed: Error: HDX HAPI unavailable
# [HDX HAPI:US] On cooldown for 300s after 2 failures
# Subtest: CircuitBreaker isolation — HAPI per-country independence
    # Subtest: HAPI: failure in one country does not trip another
    ok 1 - HAPI: failure in one country does not trip another
      ---
      duration_ms: 43.530075
      type: 'test'
      ...
    # Subtest: HAPI: different countries cache independently (no cross-country poisoning)
    ok 2 - HAPI: different countries cache independently (no cross-country poisoning)
      ---
      duration_ms: 6.428613
      type: 'test'
      ...
    1..2
ok 33 - CircuitBreaker isolation — HAPI per-country independence
  ---
  duration_ms: 50.791294
  type: 'suite'
  ...
# [GDELT Positive] Failed: Error: GDELT API unavailable
# [GDELT Positive] Failed: Error: GDELT API unavailable
# [GDELT Positive] On cooldown for 300s after 2 failures
# Subtest: CircuitBreaker isolation — GDELT split breaker independence
    # Subtest: GDELT: positive breaker failure does not trip regular breaker
    ok 1 - GDELT: positive breaker failure does not trip regular breaker
      ---
      duration_ms: 12.452219
      type: 'test'
      ...
    # Subtest: GDELT: regular and positive breakers cache different data independently
    ok 2 - GDELT: regular and positive breakers cache different data independently
      ---
      duration_ms: 7.392938
      type: 'test'
      ...
    1..2
ok 34 - CircuitBreaker isolation — GDELT split breaker independence
  ---
  duration_ms: 20.347787
  type: 'suite'
  ...
# Subtest: markdown lint script scope
    # Subtest: excludes non-product markdown trees from lint target
    ok 1 - excludes non-product markdown trees from lint target
      ---
      duration_ms: 1.58195
      type: 'test'
      ...
    1..1
ok 35 - markdown lint script scope
  ---
  duration_ms: 3.372564
  type: 'suite'
  ...
# Subtest: DIRECT_HLS_MAP integrity
    # Subtest: has at least 6 entries
    ok 1 - has at least 6 entries
      ---
      duration_ms: 2.61748
      type: 'test'
      ...
    # Subtest: every key maps to an existing channel definition
    ok 2 - every key maps to an existing channel definition
      ---
      duration_ms: 0.617391
      type: 'test'
      ...
    # Subtest: every mapped channel has a fallbackVideoId
    ok 3 - every mapped channel has a fallbackVideoId
      ---
      duration_ms: 3.411791
      type: 'test'
      ...
    # Subtest: all HLS URLs use HTTPS
    ok 4 - all HLS URLs use HTTPS
      ---
      duration_ms: 0.801757
      type: 'test'
      ...
    # Subtest: all HLS URLs end with .m3u8
    ok 5 - all HLS URLs end with .m3u8
      ---
      duration_ms: 0.692858
      type: 'test'
      ...
    # Subtest: no duplicate channel IDs in the map
    ok 6 - no duplicate channel IDs in the map
      ---
      duration_ms: 0.628985
      type: 'test'
      ...
    1..6
ok 36 - DIRECT_HLS_MAP integrity
  ---
  duration_ms: 16.595912
  type: 'suite'
  ...
# Subtest: channel data integrity
    # Subtest: all FULL_LIVE_CHANNELS have fallbackVideoId
    ok 1 - all FULL_LIVE_CHANNELS have fallbackVideoId
      ---
      duration_ms: 1.522153
      type: 'test'
      ...
    # Subtest: no channel ID appears in multiple arrays with conflicting definitions
    ok 2 - no channel ID appears in multiple arrays with conflicting definitions
      ---
      duration_ms: 4.367365
      type: 'test'
      ...
    # Subtest: TRT World handle is @TRTWorld (not @taborrtworld)
    ok 3 - TRT World handle is @TRTWorld (not @taborrtworld)
      ---
      duration_ms: 1.149918
      type: 'test'
      ...
    # Subtest: euronews handle is @euronews (not typo)
    ok 4 - euronews handle is @euronews (not typo)
      ---
      duration_ms: 1.170775
      type: 'test'
      ...
    1..4
ok 37 - channel data integrity
  ---
  duration_ms: 9.710458
  type: 'suite'
  ...
# Subtest: renderNativeHlsPlayer safety
    # Subtest: validates HLS URL starts with https://
    ok 1 - validates HLS URL starts with https://
      ---
      duration_ms: 0.876533
      type: 'test'
      ...
    # Subtest: captures activeChannel ref for race safety in error handler
    ok 2 - captures activeChannel ref for race safety in error handler
      ---
      duration_ms: 0.526059
      type: 'test'
      ...
    # Subtest: sets cooldown on HLS failure
    ok 3 - sets cooldown on HLS failure
      ---
      duration_ms: 0.507922
      type: 'test'
      ...
    # Subtest: checks activeChannel identity before fallback
    ok 4 - checks activeChannel identity before fallback
      ---
      duration_ms: 0.667054
      type: 'test'
      ...
    # Subtest: explicitly stops video element on error
    ok 5 - explicitly stops video element on error
      ---
      duration_ms: 0.346768
      type: 'test'
      ...
    1..5
ok 38 - renderNativeHlsPlayer safety
  ---
  duration_ms: 4.045069
  type: 'suite'
  ...
# Subtest: getDirectHlsUrl cooldown
    # Subtest: checks cooldown map before returning URL
    ok 1 - checks cooldown map before returning URL
      ---
      duration_ms: 0.631784
      type: 'test'
      ...
    # Subtest: uses HLS_COOLDOWN_MS for timeout comparison
    ok 2 - uses HLS_COOLDOWN_MS for timeout comparison
      ---
      duration_ms: 0.554076
      type: 'test'
      ...
    # Subtest: cooldown is at least 1 minute
    ok 3 - cooldown is at least 1 minute
      ---
      duration_ms: 0.821892
      type: 'test'
      ...
    1..3
ok 39 - getDirectHlsUrl cooldown
  ---
  duration_ms: 2.764154
  type: 'suite'
  ...
# Subtest: player decision tree
    # Subtest: switchChannel checks direct HLS before videoId validation
    ok 1 - switchChannel checks direct HLS before videoId validation
      ---
      duration_ms: 0.680383
      type: 'test'
      ...
    # Subtest: initializePlayer checks direct HLS before videoId validation
    ok 2 - initializePlayer checks direct HLS before videoId validation
      ---
      duration_ms: 0.517757
      type: 'test'
      ...
    1..2
ok 40 - player decision tree
  ---
  duration_ms: 1.729971
  type: 'suite'
  ...
# Subtest: resolveChannelVideo optimization
    # Subtest: skips fetchLiveVideoInfo for desktop direct-HLS channels
    ok 1 - skips fetchLiveVideoInfo for desktop direct-HLS channels
      ---
      duration_ms: 0.704715
      type: 'test'
      ...
    1..1
ok 41 - resolveChannelVideo optimization
  ---
  duration_ms: 1.03962
  type: 'suite'
  ...
# Subtest: YouTube API hlsManifestUrl extraction
    # Subtest: extracts hlsManifestUrl from page HTML
    ok 1 - extracts hlsManifestUrl from page HTML
      ---
      duration_ms: 0.80096
      type: 'test'
      ...
    # Subtest: unescapes \\u0026 in HLS URL
    ok 2 - unescapes \\u0026 in HLS URL
      ---
      duration_ms: 0.251973
      type: 'test'
      ...
    # Subtest: only sets hlsUrl when videoId is present
    ok 3 - only sets hlsUrl when videoId is present
      ---
      duration_ms: 0.458834
      type: 'test'
      ...
    # Subtest: includes hlsUrl in response JSON
    ok 4 - includes hlsUrl in response JSON
      ---
      duration_ms: 0.227689
      type: 'test'
      ...
    1..4
ok 42 - YouTube API hlsManifestUrl extraction
  ---
  duration_ms: 2.20867
  type: 'suite'
  ...
# Subtest: fetchLiveVideoInfo service
    # Subtest: exports fetchLiveVideoInfo function
    ok 1 - exports fetchLiveVideoInfo function
      ---
      duration_ms: 0.487455
      type: 'test'
      ...
    # Subtest: returns hlsUrl from API response
    ok 2 - returns hlsUrl from API response
      ---
      duration_ms: 0.271982
      type: 'test'
      ...
    # Subtest: caches hlsUrl alongside videoId
    ok 3 - caches hlsUrl alongside videoId
      ---
      duration_ms: 0.528779
      type: 'test'
      ...
    # Subtest: returns null hlsUrl on error
    ok 4 - returns null hlsUrl on error
      ---
      duration_ms: 0.318572
      type: 'test'
      ...
    # Subtest: keeps deprecated fetchLiveVideoId for backwards compat
    ok 5 - keeps deprecated fetchLiveVideoId for backwards compat
      ---
      duration_ms: 0.377675
      type: 'test'
      ...
    1..5
ok 43 - fetchLiveVideoInfo service
  ---
  duration_ms: 2.588087
  type: 'suite'
  ...
# Subtest: sidecar youtube-embed endpoint
    # Subtest: registers /api/youtube-embed route
    ok 1 - registers /api/youtube-embed route
      ---
      duration_ms: 5.142826
      type: 'test'
      ...
    # Subtest: validates videoId format
    ok 2 - validates videoId format
      ---
      duration_ms: 0.41484
      type: 'test'
      ...
    # Subtest: rejects invalid videoId with 400
    ok 3 - rejects invalid videoId with 400
      ---
      duration_ms: 0.298864
      type: 'test'
      ...
    # Subtest: whitelists video quality values
    ok 4 - whitelists video quality values
      ---
      duration_ms: 0.297751
      type: 'test'
      ...
    # Subtest: is exempt from auth gate (before auth middleware)
    ok 5 - is exempt from auth gate (before auth middleware)
      ---
      duration_ms: 0.404001
      type: 'test'
      ...
    # Subtest: uses mute param (not hardcoded) in playerVars
    ok 6 - uses mute param (not hardcoded) in playerVars
      ---
      duration_ms: 0.357664
      type: 'test'
      ...
    # Subtest: has postMessage bridge for play/pause/mute/unmute
    ok 7 - has postMessage bridge for play/pause/mute/unmute
      ---
      duration_ms: 0.54508
      type: 'test'
      ...
    # Subtest: has play overlay for autoplay failures
    ok 8 - has play overlay for autoplay failures
      ---
      duration_ms: 0.3284
      type: 'test'
      ...
    # Subtest: sends yt-ready postMessage to parent on ready
    ok 9 - sends yt-ready postMessage to parent on ready
      ---
      duration_ms: 0.274474
      type: 'test'
      ...
    1..9
ok 44 - sidecar youtube-embed endpoint
  ---
  duration_ms: 8.758288
  type: 'suite'
  ...
# Subtest: optional channels fallback coverage
    # Subtest: livenow-fox has fallbackVideoId
    ok 1 - livenow-fox has fallbackVideoId
      ---
      duration_ms: 0.545786
      type: 'test'
      ...
    # Subtest: abc-news has fallbackVideoId
    ok 2 - abc-news has fallbackVideoId
      ---
      duration_ms: 0.277956
      type: 'test'
      ...
    # Subtest: nbc-news has fallbackVideoId
    ok 3 - nbc-news has fallbackVideoId
      ---
      duration_ms: 0.224597
      type: 'test'
      ...
    # Subtest: wion has fallbackVideoId
    ok 4 - wion has fallbackVideoId
      ---
      duration_ms: 0.259603
      type: 'test'
      ...
    # Subtest: channels with useFallbackOnly also have fallbackVideoId
    ok 5 - channels with useFallbackOnly also have fallbackVideoId
      ---
      duration_ms: 0.537436
      type: 'test'
      ...
    1..5
ok 45 - optional channels fallback coverage
  ---
  duration_ms: 2.442384
  type: 'suite'
  ...
# Subtest: CSP configuration
    # Subtest: frame-src allows http://127.0.0.1:*
    ok 1 - frame-src allows http://127.0.0.1:*
      ---
      duration_ms: 0.513235
      type: 'test'
      ...
    # Subtest: media-src allows https: for CDN HLS streams
    ok 2 - media-src allows https: for CDN HLS streams
      ---
      duration_ms: 0.198169
      type: 'test'
      ...
    1..2
ok 46 - CSP configuration
  ---
  duration_ms: 0.846355
  type: 'suite'
  ...
# Subtest: Military callsign classifier (server-side)
    # Subtest: correctly identifies military callsigns
        # Subtest: marks RCH1234 as military
        ok 1 - marks RCH1234 as military
          ---
          duration_ms: 2.815949
          type: 'test'
          ...
        # Subtest: marks REACH01 as military
        ok 2 - marks REACH01 as military
          ---
          duration_ms: 0.276367
          type: 'test'
          ...
        # Subtest: marks MOOSE55 as military
        ok 3 - marks MOOSE55 as military
          ---
          duration_ms: 0.269143
          type: 'test'
          ...
        # Subtest: marks NAVY1 as military
        ok 4 - marks NAVY1 as military
          ---
          duration_ms: 0.353924
          type: 'test'
          ...
        # Subtest: marks ARMY22 as military
        ok 5 - marks ARMY22 as military
          ---
          duration_ms: 0.365556
          type: 'test'
          ...
        # Subtest: marks COBRA11 as military
        ok 6 - marks COBRA11 as military
          ---
          duration_ms: 0.408545
          type: 'test'
          ...
        # Subtest: marks DUKE01 as military
        ok 7 - marks DUKE01 as military
          ---
          duration_ms: 0.608682
          type: 'test'
          ...
        # Subtest: marks SHELL22 as military
        ok 8 - marks SHELL22 as military
          ---
          duration_ms: 0.398028
          type: 'test'
          ...
        # Subtest: marks RAPTOR1 as military
        ok 9 - marks RAPTOR1 as military
          ---
          duration_ms: 0.759912
          type: 'test'
          ...
        # Subtest: marks REAPER01 as military
        ok 10 - marks REAPER01 as military
          ---
          duration_ms: 1.050184
          type: 'test'
          ...
        # Subtest: marks NATO01 as military
        ok 11 - marks NATO01 as military
          ---
          duration_ms: 0.322458
          type: 'test'
          ...
        # Subtest: marks GAF123 as military
        ok 12 - marks GAF123 as military
          ---
          duration_ms: 0.304266
          type: 'test'
          ...
        # Subtest: marks RAF01 as military
        ok 13 - marks RAF01 as military
          ---
          duration_ms: 0.212774
          type: 'test'
          ...
        # Subtest: marks FAF55 as military
        ok 14 - marks FAF55 as military
          ---
          duration_ms: 0.282921
          type: 'test'
          ...
        # Subtest: marks IAF01 as military
        ok 15 - marks IAF01 as military
          ---
          duration_ms: 0.202239
          type: 'test'
          ...
        # Subtest: marks RSAF01 as military
        ok 16 - marks RSAF01 as military
          ---
          duration_ms: 0.21971
          type: 'test'
          ...
        # Subtest: marks IRGC1 as military
        ok 17 - marks IRGC1 as military
          ---
          duration_ms: 0.141715
          type: 'test'
          ...
        # Subtest: marks VKS01 as military
        ok 18 - marks VKS01 as military
          ---
          duration_ms: 0.241264
          type: 'test'
          ...
        # Subtest: marks PLAAF1 as military
        ok 19 - marks PLAAF1 as military
          ---
          duration_ms: 0.22746
          type: 'test'
          ...
        1..19
    ok 1 - correctly identifies military callsigns
      ---
      duration_ms: 13.702053
      type: 'suite'
      ...
    # Subtest: correctly identifies short-prefix military callsigns
        # Subtest: marks AE1234 as military (short prefix + digit)
        ok 1 - marks AE1234 as military (short prefix + digit)
          ---
          duration_ms: 0.695313
          type: 'test'
          ...
        # Subtest: marks RF01 as military (short prefix + digit)
        ok 2 - marks RF01 as military (short prefix + digit)
          ---
          duration_ms: 0.43371
          type: 'test'
          ...
        # Subtest: marks TF122 as military (short prefix + digit)
        ok 3 - marks TF122 as military (short prefix + digit)
          ---
          duration_ms: 0.243536
          type: 'test'
          ...
        # Subtest: marks PAT01 as military (short prefix + digit)
        ok 4 - marks PAT01 as military (short prefix + digit)
          ---
          duration_ms: 0.260172
          type: 'test'
          ...
        # Subtest: marks SAM1 as military (short prefix + digit)
        ok 5 - marks SAM1 as military (short prefix + digit)
          ---
          duration_ms: 0.173338
          type: 'test'
          ...
        # Subtest: marks OPS22 as military (short prefix + digit)
        ok 6 - marks OPS22 as military (short prefix + digit)
          ---
          duration_ms: 0.12208
          type: 'test'
          ...
        1..6
    ok 2 - correctly identifies short-prefix military callsigns
      ---
      duration_ms: 2.67147
      type: 'suite'
      ...
    # Subtest: does NOT flag commercial airline callsigns
        # Subtest: does NOT mark AEE123 as military
        ok 1 - does NOT mark AEE123 as military
          ---
          duration_ms: 1.148767
          type: 'test'
          ...
        # Subtest: does NOT mark AEA456 as military
        ok 2 - does NOT mark AEA456 as military
          ---
          duration_ms: 0.556112
          type: 'test'
          ...
        # Subtest: does NOT mark THY1234 as military
        ok 3 - does NOT mark THY1234 as military
          ---
          duration_ms: 0.375433
          type: 'test'
          ...
        # Subtest: does NOT mark SVA123 as military
        ok 4 - does NOT mark SVA123 as military
          ---
          duration_ms: 0.202601
          type: 'test'
          ...
        # Subtest: does NOT mark QTR456 as military
        ok 5 - does NOT mark QTR456 as military
          ---
          duration_ms: 0.166916
          type: 'test'
          ...
        # Subtest: does NOT mark UAE789 as military
        ok 6 - does NOT mark UAE789 as military
          ---
          duration_ms: 0.219336
          type: 'test'
          ...
        # Subtest: does NOT mark BAW123 as military
        ok 7 - does NOT mark BAW123 as military
          ---
          duration_ms: 0.257558
          type: 'test'
          ...
        # Subtest: does NOT mark AFR456 as military
        ok 8 - does NOT mark AFR456 as military
          ---
          duration_ms: 0.19726
          type: 'test'
          ...
        # Subtest: does NOT mark DLH789 as military
        ok 9 - does NOT mark DLH789 as military
          ---
          duration_ms: 0.194528
          type: 'test'
          ...
        # Subtest: does NOT mark KLM12 as military
        ok 10 - does NOT mark KLM12 as military
          ---
          duration_ms: 6.815227
          type: 'test'
          ...
        # Subtest: does NOT mark AAL1234 as military
        ok 11 - does NOT mark AAL1234 as military
          ---
          duration_ms: 0.371242
          type: 'test'
          ...
        # Subtest: does NOT mark DAL5678 as military
        ok 12 - does NOT mark DAL5678 as military
          ---
          duration_ms: 0.217619
          type: 'test'
          ...
        # Subtest: does NOT mark UAL901 as military
        ok 13 - does NOT mark UAL901 as military
          ---
          duration_ms: 1.29467
          type: 'test'
          ...
        # Subtest: does NOT mark SWA1234 as military
        ok 14 - does NOT mark SWA1234 as military
          ---
          duration_ms: 0.422228
          type: 'test'
          ...
        # Subtest: does NOT mark JAL123 as military
        ok 15 - does NOT mark JAL123 as military
          ---
          duration_ms: 0.214781
          type: 'test'
          ...
        # Subtest: does NOT mark ANA456 as military
        ok 16 - does NOT mark ANA456 as military
          ---
          duration_ms: 0.247563
          type: 'test'
          ...
        # Subtest: does NOT mark KAL789 as military
        ok 17 - does NOT mark KAL789 as military
          ---
          duration_ms: 0.393333
          type: 'test'
          ...
        # Subtest: does NOT mark CCA123 as military
        ok 18 - does NOT mark CCA123 as military
          ---
          duration_ms: 0.202664
          type: 'test'
          ...
        # Subtest: does NOT mark AIC456 as military
        ok 19 - does NOT mark AIC456 as military
          ---
          duration_ms: 0.203246
          type: 'test'
          ...
        # Subtest: does NOT mark SIA789 as military
        ok 20 - does NOT mark SIA789 as military
          ---
          duration_ms: 0.373334
          type: 'test'
          ...
        # Subtest: does NOT mark ELY123 as military
        ok 21 - does NOT mark ELY123 as military
          ---
          duration_ms: 0.14601
          type: 'test'
          ...
        # Subtest: does NOT mark RYR456 as military
        ok 22 - does NOT mark RYR456 as military
          ---
          duration_ms: 0.267121
          type: 'test'
          ...
        # Subtest: does NOT mark EZY789 as military
        ok 23 - does NOT mark EZY789 as military
          ---
          duration_ms: 0.196005
          type: 'test'
          ...
        # Subtest: does NOT mark WZZ123 as military
        ok 24 - does NOT mark WZZ123 as military
          ---
          duration_ms: 0.210775
          type: 'test'
          ...
        # Subtest: does NOT mark FDX456 as military
        ok 25 - does NOT mark FDX456 as military
          ---
          duration_ms: 0.294527
          type: 'test'
          ...
        # Subtest: does NOT mark UPS789 as military
        ok 26 - does NOT mark UPS789 as military
          ---
          duration_ms: 0.129734
          type: 'test'
          ...
        1..26
    ok 3 - does NOT flag commercial airline callsigns
      ---
      duration_ms: 17.311916
      type: 'suite'
      ...
    # Subtest: short prefixes do NOT match when followed by letters
        # Subtest: does NOT mark AEE123 as military via short prefix
        ok 1 - does NOT mark AEE123 as military via short prefix
          ---
          duration_ms: 0.596884
          type: 'test'
          ...
        # Subtest: does NOT mark AERO1 as military via short prefix
        ok 2 - does NOT mark AERO1 as military via short prefix
          ---
          duration_ms: 0.150328
          type: 'test'
          ...
        # Subtest: does NOT mark RFAIR as military via short prefix
        ok 3 - does NOT mark RFAIR as military via short prefix
          ---
          duration_ms: 0.154232
          type: 'test'
          ...
        # Subtest: does NOT mark TFLIGHT as military via short prefix
        ok 4 - does NOT mark TFLIGHT as military via short prefix
          ---
          duration_ms: 0.195762
          type: 'test'
          ...
        # Subtest: does NOT mark PATROL1 as military via short prefix
        ok 5 - does NOT mark PATROL1 as military via short prefix
          ---
          duration_ms: 0.153747
          type: 'test'
          ...
        # Subtest: does NOT mark SAMPLE as military via short prefix
        ok 6 - does NOT mark SAMPLE as military via short prefix
          ---
          duration_ms: 0.204151
          type: 'test'
          ...
        1..6
    ok 4 - short prefixes do NOT match when followed by letters
      ---
      duration_ms: 2.250163
      type: 'suite'
      ...
    1..4
ok 47 - Military callsign classifier (server-side)
  ---
  duration_ms: 37.349137
  type: 'suite'
  ...
# Subtest: Military hex range classifier (client-side)
    # Subtest: correctly identifies military hex codes
        # Subtest: marks AE0000 as military
        ok 1 - marks AE0000 as military
          ---
          duration_ms: 0.496106
          type: 'test'
          ...
        # Subtest: marks AF0000 as military
        ok 2 - marks AF0000 as military
          ---
          duration_ms: 0.151893
          type: 'test'
          ...
        # Subtest: marks AFFFFF as military
        ok 3 - marks AFFFFF as military
          ---
          duration_ms: 0.089487
          type: 'test'
          ...
        # Subtest: marks 43C000 as military
        ok 4 - marks 43C000 as military
          ---
          duration_ms: 0.149543
          type: 'test'
          ...
        # Subtest: marks 43CFFF as military
        ok 5 - marks 43CFFF as military
          ---
          duration_ms: 0.212241
          type: 'test'
          ...
        # Subtest: marks 3AA000 as military
        ok 6 - marks 3AA000 as military
          ---
          duration_ms: 0.142669
          type: 'test'
          ...
        # Subtest: marks 3F4000 as military
        ok 7 - marks 3F4000 as military
          ---
          duration_ms: 0.154465
          type: 'test'
          ...
        1..7
    ok 1 - correctly identifies military hex codes
      ---
      duration_ms: 1.787846
      type: 'suite'
      ...
    # Subtest: does NOT flag civilian ICAO hex codes
        # Subtest: does NOT mark A00001 as military
        ok 1 - does NOT mark A00001 as military
          ---
          duration_ms: 0.861062
          type: 'test'
          ...
        # Subtest: does NOT mark A0B0C0 as military
        ok 2 - does NOT mark A0B0C0 as military
          ---
          duration_ms: 0.310999
          type: 'test'
          ...
        # Subtest: does NOT mark A3FFFF as military
        ok 3 - does NOT mark A3FFFF as military
          ---
          duration_ms: 0.114404
          type: 'test'
          ...
        # Subtest: does NOT mark ADF7C7 as military
        ok 4 - does NOT mark ADF7C7 as military
          ---
          duration_ms: 0.20916
          type: 'test'
          ...
        # Subtest: does NOT mark 300000 as military
        ok 5 - does NOT mark 300000 as military
          ---
          duration_ms: 0.185685
          type: 'test'
          ...
        # Subtest: does NOT mark 330000 as military
        ok 6 - does NOT mark 330000 as military
          ---
          duration_ms: 0.307964
          type: 'test'
          ...
        # Subtest: does NOT mark 33FE00 as military
        ok 7 - does NOT mark 33FE00 as military
          ---
          duration_ms: 0.411649
          type: 'test'
          ...
        # Subtest: does NOT mark 340000 as military
        ok 8 - does NOT mark 340000 as military
          ---
          duration_ms: 0.146677
          type: 'test'
          ...
        # Subtest: does NOT mark 34FFFF as military
        ok 9 - does NOT mark 34FFFF as military
          ---
          duration_ms: 0.209015
          type: 'test'
          ...
        # Subtest: does NOT mark 840000 as military
        ok 10 - does NOT mark 840000 as military
          ---
          duration_ms: 0.124654
          type: 'test'
          ...
        # Subtest: does NOT mark 870000 as military
        ok 11 - does NOT mark 870000 as military
          ---
          duration_ms: 0.166585
          type: 'test'
          ...
        # Subtest: does NOT mark 800000 as military
        ok 12 - does NOT mark 800000 as military
          ---
          duration_ms: 0.218514
          type: 'test'
          ...
        # Subtest: does NOT mark 800100 as military
        ok 13 - does NOT mark 800100 as military
          ---
          duration_ms: 3.448139
          type: 'test'
          ...
        # Subtest: does NOT mark 718000 as military
        ok 14 - does NOT mark 718000 as military
          ---
          duration_ms: 0.232129
          type: 'test'
          ...
        # Subtest: does NOT mark 3C0000 as military
        ok 15 - does NOT mark 3C0000 as military
          ---
          duration_ms: 0.122497
          type: 'test'
          ...
        # Subtest: does NOT mark 380000 as military
        ok 16 - does NOT mark 380000 as military
          ---
          duration_ms: 0.34883
          type: 'test'
          ...
        # Subtest: does NOT mark C00000 as military
        ok 17 - does NOT mark C00000 as military
          ---
          duration_ms: 0.14089
          type: 'test'
          ...
        # Subtest: does NOT mark C10000 as military
        ok 18 - does NOT mark C10000 as military
          ---
          duration_ms: 0.100265
          type: 'test'
          ...
        # Subtest: does NOT mark 7C0000 as military
        ok 19 - does NOT mark 7C0000 as military
          ---
          duration_ms: 0.115214
          type: 'test'
          ...
        1..19
    ok 2 - does NOT flag civilian ICAO hex codes
      ---
      duration_ms: 9.136662
      type: 'suite'
      ...
    # Subtest: validates range boundaries are tight
        # Subtest: US military starts at ADF7C8, not A00000
        ok 1 - US military starts at ADF7C8, not A00000
          ---
          duration_ms: 0.419644
          type: 'test'
          ...
        # Subtest: Italy military is only top 256 codes (33FF00-33FFFF)
        ok 2 - Italy military is only top 256 codes (33FF00-33FFFF)
          ---
          duration_ms: 0.20165
          type: 'test'
          ...
        # Subtest: Spain military starts at 350000 (civilian below)
        ok 3 - Spain military starts at 350000 (civilian below)
          ---
          duration_ms: 0.349112
          type: 'test'
          ...
        # Subtest: Canada military starts at C20000 (civilian below)
        ok 4 - Canada military starts at C20000 (civilian below)
          ---
          duration_ms: 0.252106
          type: 'test'
          ...
        1..4
    ok 3 - validates range boundaries are tight
      ---
      duration_ms: 1.628717
      type: 'suite'
      ...
    # Subtest: no range spans an entire country ICAO allocation
        # Subtest: no single range covers all of USA (A00000-AFFFFF)
        ok 1 - no single range covers all of USA (A00000-AFFFFF)
          ---
          duration_ms: 0.789044
          type: 'test'
          ...
        # Subtest: no single range covers all of Italy (300000-33FFFF)
        ok 2 - no single range covers all of Italy (300000-33FFFF)
          ---
          duration_ms: 0.304457
          type: 'test'
          ...
        # Subtest: no single range covers all of Spain (340000-37FFFF)
        ok 3 - no single range covers all of Spain (340000-37FFFF)
          ---
          duration_ms: 0.293114
          type: 'test'
          ...
        # Subtest: no single range covers all of Japan (840000-87FFFF)
        ok 4 - no single range covers all of Japan (840000-87FFFF)
          ---
          duration_ms: 0.167319
          type: 'test'
          ...
        # Subtest: no single range covers all of India (800000-83FFFF)
        ok 5 - no single range covers all of India (800000-83FFFF)
          ---
          duration_ms: 0.225564
          type: 'test'
          ...
        # Subtest: no single range covers all of France (380000-3BFFFF)
        ok 6 - no single range covers all of France (380000-3BFFFF)
          ---
          duration_ms: 0.262585
          type: 'test'
          ...
        # Subtest: no single range covers all of Germany (3C0000-3FFFFF)
        ok 7 - no single range covers all of Germany (3C0000-3FFFFF)
          ---
          duration_ms: 0.104628
          type: 'test'
          ...
        # Subtest: no single range covers all of UK (400000-43FFFF)
        ok 8 - no single range covers all of UK (400000-43FFFF)
          ---
          duration_ms: 0.168017
          type: 'test'
          ...
        # Subtest: no single range covers all of Canada (C00000-C3FFFF)
        ok 9 - no single range covers all of Canada (C00000-C3FFFF)
          ---
          duration_ms: 0.135521
          type: 'test'
          ...
        # Subtest: no single range covers all of Australia (7C0000-7FFFFF)
        ok 10 - no single range covers all of Australia (7C0000-7FFFFF)
          ---
          duration_ms: 0.170466
          type: 'test'
          ...
        1..10
    ok 4 - no range spans an entire country ICAO allocation
      ---
      duration_ms: 10.239323
      type: 'suite'
      ...
    1..4
ok 48 - Military hex range classifier (client-side)
  ---
  duration_ms: 23.782351
  type: 'suite'
  ...
# Subtest: breaking-news-alerts oref_siren integration
    # Subtest: includes oref_siren in origin union type
    ok 1 - includes oref_siren in origin union type
      ---
      duration_ms: 2.533034
      type: 'test'
      ...
    # Subtest: exports dispatchOrefBreakingAlert function
    ok 2 - exports dispatchOrefBreakingAlert function
      ---
      duration_ms: 0.267379
      type: 'test'
      ...
    # Subtest: imports OrefAlert type
    ok 3 - imports OrefAlert type
      ---
      duration_ms: 0.358895
      type: 'test'
      ...
    # Subtest: builds headline with location overflow count
    ok 4 - builds headline with location overflow count
      ---
      duration_ms: 0.269642
      type: 'test'
      ...
    # Subtest: limits shown locations to 3
    ok 5 - limits shown locations to 3
      ---
      duration_ms: 0.400798
      type: 'test'
      ...
    # Subtest: uses stable dedupe key from alert identifiers
    ok 6 - uses stable dedupe key from alert identifiers
      ---
      duration_ms: 0.288653
      type: 'test'
      ...
    # Subtest: sets threatLevel to critical
    ok 7 - sets threatLevel to critical
      ---
      duration_ms: 0.475867
      type: 'test'
      ...
    # Subtest: bypasses global cooldown (no isGlobalCooldown check)
    ok 8 - bypasses global cooldown (no isGlobalCooldown check)
      ---
      duration_ms: 0.523102
      type: 'test'
      ...
    # Subtest: checks isDuplicate for per-event dedupe
    ok 9 - checks isDuplicate for per-event dedupe
      ---
      duration_ms: 0.54126
      type: 'test'
      ...
    # Subtest: returns early when settings disabled or no alerts
    ok 10 - returns early when settings disabled or no alerts
      ---
      duration_ms: 0.788435
      type: 'test'
      ...
    1..10
ok 49 - breaking-news-alerts oref_siren integration
  ---
  duration_ms: 9.899514
  type: 'suite'
  ...
# Subtest: data-loader oref breaking news wiring
    # Subtest: imports dispatchOrefBreakingAlert
    ok 1 - imports dispatchOrefBreakingAlert
      ---
      duration_ms: 0.448145
      type: 'test'
      ...
    # Subtest: calls dispatchOrefBreakingAlert on initial fetch
    ok 2 - calls dispatchOrefBreakingAlert on initial fetch
      ---
      duration_ms: 0.418931
      type: 'test'
      ...
    # Subtest: calls dispatchOrefBreakingAlert in onOrefAlertsUpdate callback
    ok 3 - calls dispatchOrefBreakingAlert in onOrefAlertsUpdate callback
      ---
      duration_ms: 0.430087
      type: 'test'
      ...
    1..3
ok 50 - data-loader oref breaking news wiring
  ---
  duration_ms: 1.675779
  type: 'suite'
  ...
# Subtest: oref-locations.ts
    # Subtest: exports translateLocation function
    ok 1 - exports translateLocation function
      ---
      duration_ms: 2.258153
      type: 'test'
      ...
    # Subtest: has a substantial number of location entries
    ok 2 - has a substantial number of location entries
      ---
      duration_ms: 0.899331
      type: 'test'
      ...
    # Subtest: contains known cities
    ok 3 - contains known cities
      ---
      duration_ms: 0.375641
      type: 'test'
      ...
    # Subtest: uses NFKC normalization in translateLocation
    ok 4 - uses NFKC normalization in translateLocation
      ---
      duration_ms: 0.433749
      type: 'test'
      ...
    # Subtest: returns original string when no match found
    ok 5 - returns original string when no match found
      ---
      duration_ms: 0.221026
      type: 'test'
      ...
    # Subtest: handles empty input
    ok 6 - handles empty input
      ---
      duration_ms: 0.49596
      type: 'test'
      ...
    # Subtest: trims and collapses whitespace
    ok 7 - trims and collapses whitespace
      ---
      duration_ms: 0.320955
      type: 'test'
      ...
    # Subtest: includes zone translations
    ok 8 - includes zone translations
      ---
      duration_ms: 0.499527
      type: 'test'
      ...
    1..8
ok 51 - oref-locations.ts
  ---
  duration_ms: 8.352675
  type: 'suite'
  ...
# SKIP: OREF_PROXY_AUTH not set — set it to run proxy connectivity tests
#   Example: OREF_PROXY_AUTH="user:pass;il;;;@proxy.froxy.com:9000" node tests/oref-proxy.test.mjs
# Subtest: tests/oref-proxy.test.mjs
ok 16 - tests/oref-proxy.test.mjs
  ---
  duration_ms: 452.826305
  type: 'test'
  ...
# Subtest: redis caching behavior
    # Subtest: coalesces concurrent misses into one upstream fetcher execution
    ok 1 - coalesces concurrent misses into one upstream fetcher execution
      ---
      duration_ms: 24.263434
      type: 'test'
      ...
    # Subtest: parses pipeline results and skips malformed entries
    ok 2 - parses pipeline results and skips malformed entries
      ---
      duration_ms: 7.664303
      type: 'test'
      ...
    1..2
ok 53 - redis caching behavior
  ---
  duration_ms: 34.025068
  type: 'suite'
  ...
# Subtest: cachedFetchJsonWithMeta source labeling
    # Subtest: reports source=cache on Redis hit
    ok 1 - reports source=cache on Redis hit
      ---
      duration_ms: 6.672952
      type: 'test'
      ...
    # Subtest: reports source=fresh on cache miss
    ok 2 - reports source=fresh on cache miss
      ---
      duration_ms: 7.911644
      type: 'test'
      ...
    # Subtest: reports source=fresh for ALL coalesced concurrent callers
    ok 3 - reports source=fresh for ALL coalesced concurrent callers
      ---
      duration_ms: 17.779737
      type: 'test'
      ...
    # Subtest: TOCTOU: reports cache when Redis is populated between concurrent reads
    ok 4 - TOCTOU: reports cache when Redis is populated between concurrent reads
      ---
      duration_ms: 18.442853
      type: 'test'
      ...
    1..4
ok 54 - cachedFetchJsonWithMeta source labeling
  ---
  duration_ms: 51.693566
  type: 'suite'
  ...
# Subtest: negative-result caching
    # Subtest: caches sentinel on null fetcher result and suppresses subsequent upstream calls
    ok 1 - caches sentinel on null fetcher result and suppresses subsequent upstream calls
      ---
      duration_ms: 13.209485
      type: 'test'
      ...
    # Subtest: cachedFetchJsonWithMeta returns data:null source:cache on sentinel hit
    ok 2 - cachedFetchJsonWithMeta returns data:null source:cache on sentinel hit
      ---
      duration_ms: 9.777277
      type: 'test'
      ...
# [redis] cachedFetchJson fetcher failed for "neg:test:throw": upstream ETIMEDOUT
# [redis] cachedFetchJson fetcher failed for "neg:test:throw": upstream ETIMEDOUT
    # Subtest: does not cache sentinel when fetcher throws
    ok 3 - does not cache sentinel when fetcher throws
      ---
      duration_ms: 16.7618
      type: 'test'
      ...
    1..3
ok 55 - negative-result caching
  ---
  duration_ms: 41.367821
  type: 'suite'
  ...
# Subtest: theater posture caching behavior
    # Subtest: coalesces concurrent calls into a single upstream fetch
    ok 1 - coalesces concurrent calls into a single upstream fetch
      ---
      duration_ms: 346.399552
      type: 'test'
      ...
# [redis] cachedFetchJson fetcher failed for "theater-posture:sebuf:v1": Both OpenSky and Wingbits unavailable
    # Subtest: falls back to stale/backup when both upstreams are down
    ok 2 - falls back to stale/backup when both upstreams are down
      ---
      duration_ms: 44.668313
      type: 'test'
      ...
# [redis] cachedFetchJson fetcher failed for "theater-posture:sebuf:v1": Both OpenSky and Wingbits unavailable
    # Subtest: returns empty theaters when all tiers exhausted
    ok 3 - returns empty theaters when all tiers exhausted
      ---
      duration_ms: 39.419925
      type: 'test'
      ...
    # Subtest: awaits stale/backup writes before returning
    ok 4 - awaits stale/backup writes before returning
      ---
      duration_ms: 46.081867
      type: 'test'
      ...
    1..4
ok 56 - theater posture caching behavior
  ---
  duration_ms: 477.3229
  type: 'suite'
  ...
# Subtest: country intel brief caching behavior
    # Subtest: uses distinct cache keys for distinct context snapshots
    ok 1 - uses distinct cache keys for distinct context snapshots
      ---
      duration_ms: 54.720831
      type: 'test'
      ...
    # Subtest: uses base cache key and prompt when context is missing or blank
    ok 2 - uses base cache key and prompt when context is missing or blank
      ---
      duration_ms: 43.330611
      type: 'test'
      ...
    1..2
ok 57 - country intel brief caching behavior
  ---
  duration_ms: 98.512167
  type: 'suite'
  ...
# Subtest: military flights bbox behavior
    # Subtest: fetches expanded quantized bbox but returns only flights inside the requested bbox
    ok 1 - fetches expanded quantized bbox but returns only flights inside the requested bbox
      ---
      duration_ms: 41.4788
      type: 'test'
      ...
    # Subtest: filters cached quantized-cell results back to the requested bbox
    ok 2 - filters cached quantized-cell results back to the requested bbox
      ---
      duration_ms: 28.300521
      type: 'test'
      ...
    1..2
ok 58 - military flights bbox behavior
  ---
  duration_ms: 71.708836
  type: 'suite'
  ...
# Subtest: getRelayBaseUrl
    # Subtest: converts wss:// to https://
    ok 1 - converts wss:// to https://
      ---
      duration_ms: 2.591034
      type: 'test'
      ...
    # Subtest: converts ws:// to http://
    ok 2 - converts ws:// to http://
      ---
      duration_ms: 0.912483
      type: 'test'
      ...
    # Subtest: strips trailing slash
    ok 3 - strips trailing slash
      ---
      duration_ms: 0.684665
      type: 'test'
      ...
    # Subtest: returns null when not set
    ok 4 - returns null when not set
      ---
      duration_ms: 1.010812
      type: 'test'
      ...
    # Subtest: returns null for empty string
    ok 5 - returns null for empty string
      ---
      duration_ms: 1.413317
      type: 'test'
      ...
    1..5
ok 59 - getRelayBaseUrl
  ---
  duration_ms: 8.718896
  type: 'suite'
  ...
# Subtest: getRelayHeaders
    # Subtest: injects relay secret and Authorization
    ok 1 - injects relay secret and Authorization
      ---
      duration_ms: 1.065557
      type: 'test'
      ...
    # Subtest: uses custom auth header name
    ok 2 - uses custom auth header name
      ---
      duration_ms: 0.834098
      type: 'test'
      ...
    # Subtest: returns base headers only when no secret
    ok 3 - returns base headers only when no secret
      ---
      duration_ms: 0.788687
      type: 'test'
      ...
    1..3
ok 60 - getRelayHeaders
  ---
  duration_ms: 3.39719
  type: 'suite'
  ...
# Subtest: fetchWithTimeout
    # Subtest: returns response on success
    ok 1 - returns response on success
      ---
      duration_ms: 41.444048
      type: 'test'
      ...
    # Subtest: aborts on timeout
    ok 2 - aborts on timeout
      ---
      duration_ms: 52.794372
      type: 'test'
      ...
    1..2
ok 61 - fetchWithTimeout
  ---
  duration_ms: 94.732447
  type: 'suite'
  ...
# Subtest: createRelayHandler
    # Subtest: returns CORS headers on every response
    ok 1 - returns CORS headers on every response
      ---
      duration_ms: 6.113847
      type: 'test'
      ...
    # Subtest: responds 204 to OPTIONS
    ok 2 - responds 204 to OPTIONS
      ---
      duration_ms: 1.782501
      type: 'test'
      ...
    # Subtest: responds 403 to disallowed origin
    ok 3 - responds 403 to disallowed origin
      ---
      duration_ms: 2.821395
      type: 'test'
      ...
    # Subtest: responds 405 to non-GET
    ok 4 - responds 405 to non-GET
      ---
      duration_ms: 5.217704
      type: 'test'
      ...
    # Subtest: responds 401 when requireApiKey and no valid key
    ok 5 - responds 401 when requireApiKey and no valid key
      ---
      duration_ms: 1.571782
      type: 'test'
      ...
    # Subtest: allows request when requireApiKey and key is valid
    ok 6 - allows request when requireApiKey and key is valid
      ---
      duration_ms: 1.814174
      type: 'test'
      ...
    # Subtest: responds 503 when WS_RELAY_URL not set
    ok 7 - responds 503 when WS_RELAY_URL not set
      ---
      duration_ms: 1.211187
      type: 'test'
      ...
    # Subtest: proxies relay response with correct status and body
    ok 8 - proxies relay response with correct status and body
      ---
      duration_ms: 1.317903
      type: 'test'
      ...
    # Subtest: forwards search params by default
    ok 9 - forwards search params by default
      ---
      duration_ms: 1.747459
      type: 'test'
      ...
    # Subtest: drops search params when forwardSearch is false
    ok 10 - drops search params when forwardSearch is false
      ---
      duration_ms: 1.356226
      type: 'test'
      ...
    # Subtest: uses buildRelayPath for dynamic paths
    ok 11 - uses buildRelayPath for dynamic paths
      ---
      duration_ms: 1.510041
      type: 'test'
      ...
    # Subtest: applies cacheHeaders on success
    ok 12 - applies cacheHeaders on success
      ---
      duration_ms: 1.469403
      type: 'test'
      ...
    # Subtest: applies cacheHeaders on error pass-through
    ok 13 - applies cacheHeaders on error pass-through
      ---
      duration_ms: 1.918003
      type: 'test'
      ...
    # Subtest: applies extraHeaders
    ok 14 - applies extraHeaders
      ---
      duration_ms: 1.47929
      type: 'test'
      ...
    # Subtest: returns 504 on timeout
    ok 15 - returns 504 on timeout
      ---
      duration_ms: 51.930471
      type: 'test'
      ...
    # Subtest: returns 502 on network error
    ok 16 - returns 502 on network error
      ---
      duration_ms: 1.234663
      type: 'test'
      ...
    # Subtest: calls fallback when relay unavailable
    ok 17 - calls fallback when relay unavailable
      ---
      duration_ms: 0.79163
      type: 'test'
      ...
    # Subtest: calls fallback on network error when fallback set
    ok 18 - calls fallback on network error when fallback set
      ---
      duration_ms: 0.876419
      type: 'test'
      ...
    # Subtest: calls fallback when onlyOk and non-2xx
    ok 19 - calls fallback when onlyOk and non-2xx
      ---
      duration_ms: 1.113552
      type: 'test'
      ...
    # Subtest: passes through non-2xx when onlyOk is false
    ok 20 - passes through non-2xx when onlyOk is false
      ---
      duration_ms: 1.09891
      type: 'test'
      ...
    1..20
ok 62 - createRelayHandler
  ---
  duration_ms: 89.552205
  type: 'suite'
  ...
# Subtest: RPC_CACHE_TIER route parity
    # Subtest: finds at least 50 GET routes in generated server files
    ok 1 - finds at least 50 GET routes in generated server files
      ---
      duration_ms: 1.691405
      type: 'test'
      ...
    # Subtest: every generated GET route has an explicit cache tier entry
    ok 2 - every generated GET route has an explicit cache tier entry
      ---
      duration_ms: 1.592942
      type: 'test'
      ...
    # Subtest: every cache tier key maps to a real generated route
    ok 3 - every cache tier key maps to a real generated route
      ---
      duration_ms: 0.462101
      type: 'test'
      ...
    # Subtest: no route uses the implicit default tier
    ok 4 - no route uses the implicit default tier
      ---
      duration_ms: 0.826845
      type: 'test'
      ...
    1..4
ok 63 - RPC_CACHE_TIER route parity
  ---
  duration_ms: 7.164494
  type: 'suite'
  ...
# Subtest: getHumanitarianSummary handler
    # Subtest: returns undefined when country has no ISO3 mapping (BLOCKING-1)
    ok 1 - returns undefined when country has no ISO3 mapping (BLOCKING-1)
      ---
      duration_ms: 1.255445
      type: 'test'
      ...
    # Subtest: returns ISO-2 country_code per proto contract (BLOCKING-2)
    ok 2 - returns ISO-2 country_code per proto contract (BLOCKING-2)
      ---
      duration_ms: 0.404185
      type: 'test'
      ...
    # Subtest: uses renamed conflict-event proto fields (MEDIUM-1)
    ok 3 - uses renamed conflict-event proto fields (MEDIUM-1)
      ---
      duration_ms: 0.277832
      type: 'test'
      ...
    1..3
ok 64 - getHumanitarianSummary handler
  ---
  duration_ms: 3.307968
  type: 'suite'
  ...
# Subtest: humanitarian_summary.proto
    # Subtest: has conflict-event field names instead of humanitarian field names
    ok 1 - has conflict-event field names instead of humanitarian field names
      ---
      duration_ms: 0.397472
      type: 'test'
      ...
    # Subtest: declares country_code as ISO-2
    ok 2 - declares country_code as ISO-2
      ---
      duration_ms: 0.173837
      type: 'test'
      ...
    1..2
ok 65 - humanitarian_summary.proto
  ---
  duration_ms: 0.84467
  type: 'suite'
  ...
# Subtest: LLM prompt political context (LOW-1)
    # Subtest: does not contain hardcoded "Donald Trump" reference
    ok 1 - does not contain hardcoded "Donald Trump" reference
      ---
      duration_ms: 0.267424
      type: 'test'
      ...
    # Subtest: uses date-based dynamic context instead
    ok 2 - uses date-based dynamic context instead
      ---
      duration_ms: 0.38485
      type: 'test'
      ...
    1..2
ok 66 - LLM prompt political context (LOW-1)
  ---
  duration_ms: 0.981411
  type: 'suite'
  ...
# Subtest: headline deduplication
    # Subtest: removes near-duplicate headlines
    ok 1 - removes near-duplicate headlines
      ---
      duration_ms: 0.754334
      type: 'test'
      ...
    # Subtest: keeps all unique headlines
    ok 2 - keeps all unique headlines
      ---
      duration_ms: 0.270405
      type: 'test'
      ...
    # Subtest: handles empty input
    ok 3 - handles empty input
      ---
      duration_ms: 1.087726
      type: 'test'
      ...
    # Subtest: handles single headline
    ok 4 - handles single headline
      ---
      duration_ms: 0.241502
      type: 'test'
      ...
    1..4
ok 67 - headline deduplication
  ---
  duration_ms: 2.640869
  type: 'suite'
  ...
# Subtest: getCacheKey determinism
    # Subtest: getCacheKey function exists and builds versioned keys
    ok 1 - getCacheKey function exists and builds versioned keys
      ---
      duration_ms: 0.202188
      type: 'test'
      ...
    # Subtest: handles translate mode separately
    ok 2 - handles translate mode separately
      ---
      duration_ms: 0.175382
      type: 'test'
      ...
    1..2
ok 68 - getCacheKey determinism
  ---
  duration_ms: 0.574668
  type: 'suite'
  ...
# Subtest: getVesselSnapshot caching (HIGH-1)
    # Subtest: has in-memory cache variables at module scope
    ok 1 - has in-memory cache variables at module scope
      ---
      duration_ms: 0.248113
      type: 'test'
      ...
    # Subtest: has 10-second TTL cache
    not ok 2 - has 10-second TTL cache
      ---
      duration_ms: 1.145925
      type: 'test'
      location: '/app/tests/server-handlers.test.mjs:201:3'
      failureType: 'testCodeFailure'
      error: 'TTL should be 10 seconds (10000ms)'
      code: 'ERR_ASSERTION'
      name: 'AssertionError'
      expected:
      actual: |-
        import type {
          ServerContext,
          GetVesselSnapshotRequest,
          GetVesselSnapshotResponse,
          VesselSnapshot,
          AisDensityZone,
          AisDisruption,
          AisDisruptionType,
          AisDisruptionSeverity,
        } from '../../../../src/generated/server/worldmonitor/maritime/v1/service_server';

        import { CHROME_UA } from '../../../_shared/constants';

        // ========================================================================
        // Helpers
        // ========================================================================

        function getRelayBaseUrl(): string | null {
          const relayUrl = process.env.WS_RELAY_URL;
          if (!relayUrl) return null;
          return relayUrl
            .replace('wss://', 'https://')
            .replace('ws://', 'http://')
            .replace(/\/$/, '');
        }

        function getRelayRequestHeaders(): Record<string, string> {
          const headers: Record<string, string> = {
            Accept: 'application/json',
            'User-Agent': CHROME_UA,
          };
          const relaySecret = process.env.RELAY_SHARED_SECRET;
          if (relaySecret) {
            const relayHeader = (process.env.RELAY_AUTH_HEADER || 'x-relay-key').toLowerCase();
            headers[relayHeader] = relaySecret;
            headers.Authorization = `Bearer ${relaySecret}`;
          }
          return headers;
        }

        const DISRUPTION_TYPE_MAP: Record<string, AisDisruptionType> = {
          gap_spike: 'AIS_DISRUPTION_TYPE_GAP_SPIKE',
          chokepoint_congestion: 'AIS_DISRUPTION_TYPE_CHOKEPOINT_CONGESTION',
        };

        const SEVERITY_MAP: Record<string, AisDisruptionSeverity> = {
          low: 'AIS_DISRUPTION_SEVERITY_LOW',
          elevated: 'AIS_DISRUPTION_SEVERITY_ELEVATED',
          high: 'AIS_DISRUPTION_SEVERITY_HIGH',
        };

        // In-memory cache (matches old /api/ais-snapshot behavior)
        const SNAPSHOT_CACHE_TTL_MS = 300_000; // 5 min -- matches client poll interval
        let cachedSnapshot: VesselSnapshot | undefined;
        let cacheTimestamp = 0;
        let inFlightRequest: Promise<VesselSnapshot | undefined> | null = null;

        async function fetchVesselSnapshot(): Promise<VesselSnapshot | undefined> {
          // Return cached if fresh
          const now = Date.now();
          if (cachedSnapshot && (now - cacheTimestamp) < SNAPSHOT_CACHE_TTL_MS) {
            return cachedSnapshot;
          }

          // In-flight dedup: if a request is already running, await it
          if (inFlightRequest) {
            return inFlightRequest;
          }

          inFlightRequest = fetchVesselSnapshotFromRelay();
          try {
            const result = await inFlightRequest;
            if (result) {
              cachedSnapshot = result;
              cacheTimestamp = Date.now();
            }
            return result ?? cachedSnapshot; // serve stale on relay failure
          } finally {
            inFlightRequest = null;
          }
        }

        async function fetchVesselSnapshotFromRelay(): Promise<VesselSnapshot | undefined> {
          try {
            const relayBaseUrl = getRelayBaseUrl();
            if (!relayBaseUrl) return undefined;

            const response = await fetch(
              `${relayBaseUrl}/ais/snapshot?candidates=false`,
              {
                headers: getRelayRequestHeaders(),
                signal: AbortSignal.timeout(10000),
              },
            );

            if (!response.ok) return undefined;

            const data = await response.json();
            if (!data || !Array.isArray(data.disruptions) || !Array.isArray(data.density)) {
              return undefined;
            }

            const densityZones: AisDensityZone[] = data.density.map((z: any): AisDensityZone => ({
              id: String(z.id || ''),
              name: String(z.name || ''),
              location: {
                latitude: Number(z.lat) || 0,
                longitude: Number(z.lon) || 0,
              },
              intensity: Number(z.intensity) || 0,
              deltaPct: Number(z.deltaPct) || 0,
              shipsPerDay: Number(z.shipsPerDay) || 0,
              note: String(z.note || ''),
            }));

            const disruptions: AisDisruption[] = data.disruptions.map((d: any): AisDisruption => ({
              id: String(d.id || ''),
              name: String(d.name || ''),
              type: DISRUPTION_TYPE_MAP[d.type] || 'AIS_DISRUPTION_TYPE_UNSPECIFIED',
              location: {
                latitude: Number(d.lat) || 0,
                longitude: Number(d.lon) || 0,
              },
              severity: SEVERITY_MAP[d.severity] || 'AIS_DISRUPTION_SEVERITY_UNSPECIFIED',
              changePct: Number(d.changePct) || 0,
              windowHours: Number(d.windowHours) || 0,
              darkShips: Number(d.darkShips) || 0,
              vesselCount: Number(d.vesselCount) || 0,
              region: String(d.region || ''),
              description: String(d.description || ''),
            }));

            return {
              snapshotAt: Date.now(),
              densityZones,
              disruptions,
            };
          } catch {
            return undefined;
          }
        }

        // ========================================================================
        // RPC handler
        // ========================================================================

        export async function getVesselSnapshot(
          _ctx: ServerContext,
          _req: GetVesselSnapshotRequest,
        ): Promise<GetVesselSnapshotResponse> {
          try {
            const snapshot = await fetchVesselSnapshot();
            return { snapshot };
          } catch {
            return { snapshot: undefined };
          }
        }

      operator: 'match'
      stack: |-
        TestContext.<anonymous> (file:///app/tests/server-handlers.test.mjs:202:12)
        Test.runInAsyncScope (node:async_hooks:214:14)
        Test.run (node:internal/test_runner/test:1047:25)
        Suite.processPendingSubtests (node:internal/test_runner/test:744:18)
        Test.postRun (node:internal/test_runner/test:1173:19)
        Test.run (node:internal/test_runner/test:1101:12)
        async Promise.all (index 0)
        async Suite.run (node:internal/test_runner/test:1442:7)
        async Test.processPendingSubtests (node:internal/test_runner/test:744:7)
      ...
    # Subtest: checks cache before calling relay
    ok 3 - checks cache before calling relay
      ---
      duration_ms: 0.211228
      type: 'test'
      ...
    # Subtest: has in-flight dedup via shared promise
    ok 4 - has in-flight dedup via shared promise
      ---
      duration_ms: 0.288604
      type: 'test'
      ...
    # Subtest: serves stale snapshot when relay fetch fails
    ok 5 - serves stale snapshot when relay fetch fails
      ---
      duration_ms: 0.218915
      type: 'test'
      ...
    1..5
not ok 69 - getVesselSnapshot caching (HIGH-1)
  ---
  duration_ms: 4.231576
  type: 'suite'
  location: '/app/tests/server-handlers.test.mjs:192:1'
  failureType: 'subtestsFailed'
  error: '1 subtest failed'
  code: 'ERR_TEST_FAILURE'
  ...
# Subtest: startSmartPollLoop
    # Subtest: scheduling
        # Subtest: fires first tick after intervalMs
        ok 1 - fires first tick after intervalMs
          ---
          duration_ms: 3.398549
          type: 'test'
          ...
        # Subtest: subsequent ticks continue firing
        ok 2 - subsequent ticks continue firing
          ---
          duration_ms: 1.898852
          type: 'test'
          ...
        1..2
    ok 1 - scheduling
      ---
      duration_ms: 6.447465
      type: 'suite'
      ...
    # Subtest: jitter
        # Subtest: delay varies within ±jitterFraction of base interval
        ok 1 - delay varies within ±jitterFraction of base interval
          ---
          duration_ms: 7.399244
          type: 'test'
          ...
        1..1
    ok 2 - jitter
      ---
      duration_ms: 7.632241
      type: 'suite'
      ...
    # Subtest: backoff
        # Subtest: doubles interval on false return, resets on success
        ok 1 - doubles interval on false return, resets on success
          ---
          duration_ms: 2.040538
          type: 'test'
          ...
        # Subtest: caps at maxBackoffMultiplier
        ok 2 - caps at maxBackoffMultiplier
          ---
          duration_ms: 0.843858
          type: 'test'
          ...
        1..2
    ok 3 - backoff
      ---
      duration_ms: 3.128976
      type: 'suite'
      ...
    # Subtest: error backoff
        # Subtest: thrown errors trigger backoff and onError
        ok 1 - thrown errors trigger backoff and onError
          ---
          duration_ms: 0.947584
          type: 'test'
          ...
        1..1
    ok 4 - error backoff
      ---
      duration_ms: 1.132473
      type: 'suite'
      ...
    # Subtest: shouldRun gating
        # Subtest: poll skipped when shouldRun returns false
        ok 1 - poll skipped when shouldRun returns false
          ---
          duration_ms: 0.737077
          type: 'test'
          ...
        1..1
    ok 5 - shouldRun gating
      ---
      duration_ms: 0.945197
      type: 'suite'
      ...
    # Subtest: runImmediately
        # Subtest: fires at t=0 with reason startup
        ok 1 - fires at t=0 with reason startup
          ---
          duration_ms: 0.597595
          type: 'test'
          ...
        1..1
    ok 6 - runImmediately
      ---
      duration_ms: 1.379101
      type: 'suite'
      ...
    # Subtest: pauseWhenHidden
        # Subtest: no ticks while hidden
        ok 1 - no ticks while hidden
          ---
          duration_ms: 0.727633
          type: 'test'
          ...
        # Subtest: resumes on visibility change to visible
        ok 2 - resumes on visibility change to visible
          ---
          duration_ms: 0.934752
          type: 'test'
          ...
        # Subtest: aborts in-flight on hide
        ok 3 - aborts in-flight on hide
          ---
          duration_ms: 0.603761
          type: 'test'
          ...
        1..3
    ok 7 - pauseWhenHidden
      ---
      duration_ms: 2.542285
      type: 'suite'
      ...
    # Subtest: hiddenMultiplier
        # Subtest: interval scaled when hidden (not paused)
        ok 1 - interval scaled when hidden (not paused)
          ---
          duration_ms: 2.688795
          type: 'test'
          ...
        1..1
    ok 8 - hiddenMultiplier
      ---
      duration_ms: 2.804273
      type: 'suite'
      ...
    # Subtest: hiddenIntervalMs
        # Subtest: explicit hidden interval overrides multiplier
        ok 1 - explicit hidden interval overrides multiplier
          ---
          duration_ms: 0.862542
          type: 'test'
          ...
        1..1
    ok 9 - hiddenIntervalMs
      ---
      duration_ms: 0.968673
      type: 'suite'
      ...
    # Subtest: refreshOnVisible
        # Subtest: immediate run with reason resume on tab visible
        ok 1 - immediate run with reason resume on tab visible
          ---
          duration_ms: 0.546047
          type: 'test'
          ...
        1..1
    ok 10 - refreshOnVisible
      ---
      duration_ms: 0.655576
      type: 'suite'
      ...
    # Subtest: visibility debounce
        # Subtest: rapid show events coalesced within visibilityDebounceMs
        ok 1 - rapid show events coalesced within visibilityDebounceMs
          ---
          duration_ms: 0.535178
          type: 'test'
          ...
        1..1
    ok 11 - visibility debounce
      ---
      duration_ms: 0.622783
      type: 'suite'
      ...
    # Subtest: trigger()
        # Subtest: manual trigger fires immediately and resets schedule
        ok 1 - manual trigger fires immediately and resets schedule
          ---
          duration_ms: 0.467294
          type: 'test'
          ...
        1..1
    ok 12 - trigger()
      ---
      duration_ms: 0.552289
      type: 'suite'
      ...
    # Subtest: stop()
        # Subtest: clears timers, aborts in-flight, removes listener, isActive false
        ok 1 - clears timers, aborts in-flight, removes listener, isActive false
          ---
          duration_ms: 0.595623
          type: 'test'
          ...
        1..1
    ok 13 - stop()
      ---
      duration_ms: 0.678379
      type: 'suite'
      ...
    # Subtest: AbortSignal
        # Subtest: signal provided to poll fn
        ok 1 - signal provided to poll fn
          ---
          duration_ms: 0.42766
          type: 'test'
          ...
        # Subtest: abort errors do not trigger backoff
        ok 2 - abort errors do not trigger backoff
          ---
          duration_ms: 0.567566
          type: 'test'
          ...
        1..2
    ok 14 - AbortSignal
      ---
      duration_ms: 1.114461
      type: 'suite'
      ...
    # Subtest: in-flight guard
        # Subtest: concurrent calls are deferred, not dropped
        ok 1 - concurrent calls are deferred, not dropped
          ---
          duration_ms: 3.767565
          type: 'test'
          ...
        1..1
    ok 15 - in-flight guard
      ---
      duration_ms: 3.857492
      type: 'suite'
      ...
    1..15
ok 70 - startSmartPollLoop
  ---
  duration_ms: 36.47047
  type: 'suite'
  ...
# Subtest: Fix 1: message.reasoning fallback
    # Subtest: does NOT fall back to message.reasoning
    ok 1 - does NOT fall back to message.reasoning
      ---
      duration_ms: 1.085828
      type: 'test'
      ...
    # Subtest: only uses message.content
    ok 2 - only uses message.content
      ---
      duration_ms: 0.214557
      type: 'test'
      ...
    1..2
ok 71 - Fix 1: message.reasoning fallback
  ---
  duration_ms: 2.898057
  type: 'suite'
  ...
# Subtest: Fix 2: thinking tag stripping formats
    # Subtest: strips <think> tags
    ok 1 - strips <think> tags
      ---
      duration_ms: 0.501034
      type: 'test'
      ...
    # Subtest: strips <|thinking|> tags
    ok 2 - strips <|thinking|> tags
      ---
      duration_ms: 0.257001
      type: 'test'
      ...
    # Subtest: strips <reasoning> tags
    ok 3 - strips <reasoning> tags
      ---
      duration_ms: 0.17332
      type: 'test'
      ...
    # Subtest: strips <reflection> tags
    ok 4 - strips <reflection> tags
      ---
      duration_ms: 0.210585
      type: 'test'
      ...
    # Subtest: handles unterminated <think> blocks
    ok 5 - handles unterminated <think> blocks
      ---
      duration_ms: 0.330914
      type: 'test'
      ...
    # Subtest: handles unterminated <|thinking|> blocks
    ok 6 - handles unterminated <|thinking|> blocks
      ---
      duration_ms: 0.428095
      type: 'test'
      ...
    # Subtest: handles unterminated <reasoning> blocks
    ok 7 - handles unterminated <reasoning> blocks
      ---
      duration_ms: 0.326363
      type: 'test'
      ...
    # Subtest: handles unterminated <reflection> blocks
    ok 8 - handles unterminated <reflection> blocks
      ---
      duration_ms: 0.475578
      type: 'test'
      ...
    # Subtest: strips <|begin_of_thought|> tags (terminated)
    ok 9 - strips <|begin_of_thought|> tags (terminated)
      ---
      duration_ms: 0.150419
      type: 'test'
      ...
    # Subtest: strips <|begin_of_thought|> tags (unterminated)
    ok 10 - strips <|begin_of_thought|> tags (unterminated)
      ---
      duration_ms: 0.331013
      type: 'test'
      ...
    1..10
ok 72 - Fix 2: thinking tag stripping formats
  ---
  duration_ms: 4.191167
  type: 'suite'
  ...
# Subtest: Fix 3: hasReasoningPreamble
    # Subtest: detects "We need to summarize..."
    ok 1 - detects "We need to summarize..."
      ---
      duration_ms: 0.922665
      type: 'test'
      ...
    # Subtest: detects "Let me analyze..."
    ok 2 - detects "Let me analyze..."
      ---
      duration_ms: 2.197084
      type: 'test'
      ...
    # Subtest: detects "I should lead with..."
    ok 3 - detects "I should lead with..."
      ---
      duration_ms: 0.123195
      type: 'test'
      ...
    # Subtest: detects "So we need to..."
    ok 4 - detects "So we need to..."
      ---
      duration_ms: 0.092936
      type: 'test'
      ...
    # Subtest: detects "Okay, I'll summarize..."
    ok 5 - detects "Okay, I'll summarize..."
      ---
      duration_ms: 0.097783
      type: 'test'
      ...
    # Subtest: detects "Okay, let me..."
    ok 6 - detects "Okay, let me..."
      ---
      duration_ms: 0.140681
      type: 'test'
      ...
    # Subtest: detects "Sure, here is..."
    ok 7 - detects "Sure, here is..."
      ---
      duration_ms: 0.107765
      type: 'test'
      ...
    # Subtest: passes "Okay" without reasoning continuation
    ok 8 - passes "Okay" without reasoning continuation
      ---
      duration_ms: 0.194331
      type: 'test'
      ...
    # Subtest: detects "Summarize the top story..."
    ok 9 - detects "Summarize the top story..."
      ---
      duration_ms: 0.185778
      type: 'test'
      ...
    # Subtest: detects "The top story is likely..."
    ok 10 - detects "The top story is likely..."
      ---
      duration_ms: 0.105704
      type: 'test'
      ...
    # Subtest: detects "Rules:" echo
    ok 11 - detects "Rules:" echo
      ---
      duration_ms: 0.086187
      type: 'test'
      ...
    # Subtest: passes clean geopolitical summary
    ok 12 - passes clean geopolitical summary
      ---
      duration_ms: 0.087426
      type: 'test'
      ...
    # Subtest: passes clean event summary
    ok 13 - passes clean event summary
      ---
      duration_ms: 0.113708
      type: 'test'
      ...
    # Subtest: passes clean protest summary
    ok 14 - passes clean protest summary
      ---
      duration_ms: 0.087587
      type: 'test'
      ...
    # Subtest: passes summary starting with country name
    ok 15 - passes summary starting with country name
      ---
      duration_ms: 0.083672
      type: 'test'
      ...
    # Subtest: detects "First, I need to..."
    ok 16 - detects "First, I need to..."
      ---
      duration_ms: 0.080614
      type: 'test'
      ...
    # Subtest: detects "First, let me..."
    ok 17 - detects "First, let me..."
      ---
      duration_ms: 0.079353
      type: 'test'
      ...
    # Subtest: detects "To summarize the headlines..."
    ok 18 - detects "To summarize the headlines..."
      ---
      duration_ms: 0.078665
      type: 'test'
      ...
    # Subtest: detects "My task is to..."
    ok 19 - detects "My task is to..."
      ---
      duration_ms: 0.079983
      type: 'test'
      ...
    # Subtest: detects "Step 1: analyze..."
    ok 20 - detects "Step 1: analyze..."
      ---
      duration_ms: 0.088847
      type: 'test'
      ...
    # Subtest: passes "First responders arrived..."
    ok 21 - passes "First responders arrived..."
      ---
      duration_ms: 0.13482
      type: 'test'
      ...
    # Subtest: passes "To summarize, the summit concluded..."
    ok 22 - passes "To summarize, the summit concluded..."
      ---
      duration_ms: 0.121934
      type: 'test'
      ...
    # Subtest: passes "My task force deployed..."
    ok 23 - passes "My task force deployed..."
      ---
      duration_ms: 0.10694
      type: 'test'
      ...
    # Subtest: is gated to brief and analysis modes in source
    ok 24 - is gated to brief and analysis modes in source
      ---
      duration_ms: 0.174609
      type: 'test'
      ...
    # Subtest: does not apply to translate mode
    ok 25 - does not apply to translate mode
      ---
      duration_ms: 0.165659
      type: 'test'
      ...
    # Subtest: has mode-scoped min-length gate for brief/analysis
    ok 26 - has mode-scoped min-length gate for brief/analysis
      ---
      duration_ms: 0.174738
      type: 'test'
      ...
    1..26
ok 73 - Fix 3: hasReasoningPreamble
  ---
  duration_ms: 6.774359
  type: 'suite'
  ...
# Subtest: Fix 4: cache version bump
    # Subtest: CACHE_VERSION is v5
    ok 1 - CACHE_VERSION is v5
      ---
      duration_ms: 0.271803
      type: 'test'
      ...
    1..1
ok 74 - Fix 4: cache version bump
  ---
  duration_ms: 0.443577
  type: 'suite'
  ...
# Subtest: Chokepoint scoring
    # Subtest: computes disruption score with cap at 100
    ok 1 - computes disruption score with cap at 100
      ---
      duration_ms: 1.061412
      type: 'test'
      ...
    # Subtest: maps score to status correctly
    ok 2 - maps score to status correctly
      ---
      duration_ms: 0.408421
      type: 'test'
      ...
    # Subtest: has correct severity enum keys
    ok 3 - has correct severity enum keys
      ---
      duration_ms: 0.172214
      type: 'test'
      ...
    1..3
ok 75 - Chokepoint scoring
  ---
  duration_ms: 2.87938
  type: 'suite'
  ...
# Subtest: HHI computation
    # Subtest: returns 10000 for pure monopoly
    ok 1 - returns 10000 for pure monopoly
      ---
      duration_ms: 0.449615
      type: 'test'
      ...
    # Subtest: returns 2500 for four equal producers
    ok 2 - returns 2500 for four equal producers
      ---
      duration_ms: 0.151605
      type: 'test'
      ...
    # Subtest: returns 0 for empty array
    ok 3 - returns 0 for empty array
      ---
      duration_ms: 0.173613
      type: 'test'
      ...
    # Subtest: handles two equal producers
    ok 4 - handles two equal producers
      ---
      duration_ms: 0.30337
      type: 'test'
      ...
    1..4
ok 76 - HHI computation
  ---
  duration_ms: 1.642485
  type: 'suite'
  ...
# Subtest: Risk rating
    # Subtest: maps HHI to correct risk levels
    ok 1 - maps HHI to correct risk levels
      ---
      duration_ms: 0.378656
      type: 'test'
      ...
    1..1
ok 77 - Risk rating
  ---
  duration_ms: 0.627117
  type: 'suite'
  ...
# Subtest: Spike detection
    # Subtest: detects spike when value > mean + 2*stdDev
    ok 1 - detects spike when value > mean + 2*stdDev
      ---
      duration_ms: 0.440733
      type: 'test'
      ...
    # Subtest: returns false for stable series
    ok 2 - returns false for stable series
      ---
      duration_ms: 0.484042
      type: 'test'
      ...
    # Subtest: returns false for empty array
    ok 3 - returns false for empty array
      ---
      duration_ms: 0.156476
      type: 'test'
      ...
    # Subtest: returns false for too few values
    ok 4 - returns false for too few values
      ---
      duration_ms: 0.123592
      type: 'test'
      ...
    # Subtest: handles ShippingRatePoint objects
    ok 5 - handles ShippingRatePoint objects
      ---
      duration_ms: 0.148437
      type: 'test'
      ...
    1..5
ok 78 - Spike detection
  ---
  duration_ms: 1.623626
  type: 'suite'
  ...
# Subtest: economic/index.ts — per-indicator World Bank circuit breakers
    # Subtest: does NOT have a single shared wbBreaker
    ok 1 - does NOT have a single shared wbBreaker
      ---
      duration_ms: 1.299784
      type: 'test'
      ...
    # Subtest: has a wbBreakers Map for per-indicator instances
    ok 2 - has a wbBreakers Map for per-indicator instances
      ---
      duration_ms: 0.299607
      type: 'test'
      ...
    # Subtest: has a getWbBreaker(indicatorCode) factory function
    ok 3 - has a getWbBreaker(indicatorCode) factory function
      ---
      duration_ms: 0.214172
      type: 'test'
      ...
    # Subtest: getIndicatorData calls getWbBreaker(indicator) not a shared breaker
    ok 4 - getIndicatorData calls getWbBreaker(indicator) not a shared breaker
      ---
      duration_ms: 0.301073
      type: 'test'
      ...
    # Subtest: per-indicator breaker names include the indicator code
    ok 5 - per-indicator breaker names include the indicator code
      ---
      duration_ms: 0.329734
      type: 'test'
      ...
    # Subtest: mirrors getFredBreaker pattern (consistency check)
    ok 6 - mirrors getFredBreaker pattern (consistency check)
      ---
      duration_ms: 0.400044
      type: 'test'
      ...
    1..6
ok 79 - economic/index.ts — per-indicator World Bank circuit breakers
  ---
  duration_ms: 4.431373
  type: 'suite'
  ...
# [WB:IT.NET.USER.ZS] Failed: Error: World Bank unavailable
# [WB:IT.NET.USER.ZS] Failed: Error: World Bank unavailable
# [WB:IT.NET.USER.ZS] On cooldown for 300s after 2 failures
# Subtest: CircuitBreaker isolation — independent per-indicator instances
    # Subtest: two breakers with different names are independent (failure in one does not trip the other)
    ok 1 - two breakers with different names are independent (failure in one does not trip the other)
      ---
      duration_ms: 16.983121
      type: 'test'
      ...
    # Subtest: two breakers with different names cache independently (no cross-indicator cache poisoning)
    ok 2 - two breakers with different names cache independently (no cross-indicator cache poisoning)
      ---
      duration_ms: 6.001342
      type: 'test'
      ...
    # Subtest: empty server response does not poison the cache for other indicators
    ok 3 - empty server response does not poison the cache for other indicators
      ---
      duration_ms: 7.100594
      type: 'test'
      ...
    1..3
ok 80 - CircuitBreaker isolation — independent per-indicator instances
  ---
  duration_ms: 30.890383
  type: 'suite'
  ...
# Subtest: getTechReadinessRankings — result is empty only when ALL indicators return no data
    # Subtest: allCountries union covers data from all 4 indicators
    ok 1 - allCountries union covers data from all 4 indicators
      ---
      duration_ms: 0.523069
      type: 'test'
      ...
    # Subtest: uses 4 distinct indicator codes
    ok 2 - uses 4 distinct indicator codes
      ---
      duration_ms: 0.187545
      type: 'test'
      ...
    1..2
ok 81 - getTechReadinessRankings — result is empty only when ALL indicators return no data
  ---
  duration_ms: 0.900811
  type: 'suite'
  ...
# Subtest: cache TTL alignment with upstream refresh rates
    # Subtest: climate anomalies uses 3h TTL (ERA5 has 2-7 day lag)
    ok 1 - climate anomalies uses 3h TTL (ERA5 has 2-7 day lag)
      ---
      duration_ms: 1.098642
      type: 'test'
      ...
    # Subtest: fire detections uses 1h TTL (FIRMS NRT updates every ~3h)
    ok 2 - fire detections uses 1h TTL (FIRMS NRT updates every ~3h)
      ---
      duration_ms: 0.30284
      type: 'test'
      ...
    1..2
ok 82 - cache TTL alignment with upstream refresh rates
  ---
  duration_ms: 3.082565
  type: 'suite'
  ...
# Subtest: ACLED shared cache layer
    # Subtest: exports fetchAcledCached function
    ok 1 - exports fetchAcledCached function
      ---
      duration_ms: 0.408505
      type: 'test'
      ...
    # Subtest: derives cache key from query parameters
    ok 2 - derives cache key from query parameters
      ---
      duration_ms: 0.18615
      type: 'test'
      ...
    # Subtest: uses cachedFetchJson to check Redis cache before upstream API call
    ok 3 - uses cachedFetchJson to check Redis cache before upstream API call
      ---
      duration_ms: 0.333582
      type: 'test'
      ...
    # Subtest: uses 15-minute cache TTL
    ok 4 - uses 15-minute cache TTL
      ---
      duration_ms: 0.22021
      type: 'test'
      ...
    # Subtest: returns empty array when API token is missing
    ok 5 - returns empty array when API token is missing
      ---
      duration_ms: 0.492781
      type: 'test'
      ...
    # Subtest: caches successful results via cachedFetchJson
    ok 6 - caches successful results via cachedFetchJson
      ---
      duration_ms: 0.509779
      type: 'test'
      ...
    # Subtest: caches empty successful responses to avoid repeated cache misses
    ok 7 - caches empty successful responses to avoid repeated cache misses
      ---
      duration_ms: 0.581467
      type: 'test'
      ...
    1..7
ok 83 - ACLED shared cache layer
  ---
  duration_ms: 4.212502
  type: 'suite'
  ...
# Subtest: ACLED consumers use shared cache layer
    # Subtest: conflict handler imports fetchAcledCached
    ok 1 - conflict handler imports fetchAcledCached
      ---
      duration_ms: 0.392332
      type: 'test'
      ...
    # Subtest: unrest handler imports fetchAcledCached
    ok 2 - unrest handler imports fetchAcledCached
      ---
      duration_ms: 0.284658
      type: 'test'
      ...
    # Subtest: risk scores handler imports fetchAcledCached
    ok 3 - risk scores handler imports fetchAcledCached
      ---
      duration_ms: 0.1921
      type: 'test'
      ...
    # Subtest: no handler has its own ACLED_API_URL constant
    ok 4 - no handler has its own ACLED_API_URL constant
      ---
      duration_ms: 0.331223
      type: 'test'
      ...
    1..4
ok 84 - ACLED consumers use shared cache layer
  ---
  duration_ms: 1.445497
  type: 'suite'
  ...
# Subtest: maritime AIS visibility guard (SmartPollLoop)
    # Subtest: uses startSmartPollLoop for polling
    ok 1 - uses startSmartPollLoop for polling
      ---
      duration_ms: 0.22812
      type: 'test'
      ...
    # Subtest: pauses entirely when hidden via pauseWhenHidden option
    ok 2 - pauses entirely when hidden via pauseWhenHidden option
      ---
      duration_ms: 0.174869
      type: 'test'
      ...
    # Subtest: refreshes on tab becoming visible
    ok 3 - refreshes on tab becoming visible
      ---
      duration_ms: 0.175175
      type: 'test'
      ...
    # Subtest: passes AbortSignal through to pollSnapshot
    ok 4 - passes AbortSignal through to pollSnapshot
      ---
      duration_ms: 1.575395
      type: 'test'
      ...
    # Subtest: stops poll loop on disconnect
    ok 5 - stops poll loop on disconnect
      ---
      duration_ms: 0.164133
      type: 'test'
      ...
    1..5
ok 85 - maritime AIS visibility guard (SmartPollLoop)
  ---
  duration_ms: 2.600501
  type: 'suite'
  ...
# Subtest: parseMapUrlState expanded param
    # Subtest: parses expanded=1 as true
    ok 1 - parses expanded=1 as true
      ---
      duration_ms: 1.670497
      type: 'test'
      ...
    # Subtest: parses missing expanded as undefined
    ok 2 - parses missing expanded as undefined
      ---
      duration_ms: 0.345349
      type: 'test'
      ...
    # Subtest: ignores expanded=0
    ok 3 - ignores expanded=0
      ---
      duration_ms: 0.19834
      type: 'test'
      ...
    1..3
ok 86 - parseMapUrlState expanded param
  ---
  duration_ms: 3.607998
  type: 'suite'
  ...
# Subtest: buildMapUrl expanded param
    # Subtest: includes expanded=1 when true
    ok 1 - includes expanded=1 when true
      ---
      duration_ms: 0.684133
      type: 'test'
      ...
    # Subtest: omits expanded when falsy
    ok 2 - omits expanded when falsy
      ---
      duration_ms: 0.370958
      type: 'test'
      ...
    # Subtest: omits expanded when undefined
    ok 3 - omits expanded when undefined
      ---
      duration_ms: 0.308411
      type: 'test'
      ...
    1..3
ok 87 - buildMapUrl expanded param
  ---
  duration_ms: 1.791348
  type: 'suite'
  ...
# Subtest: expanded param round-trip
    # Subtest: round-trips country=IR&expanded=1
    ok 1 - round-trips country=IR&expanded=1
      ---
      duration_ms: 0.566711
      type: 'test'
      ...
    # Subtest: round-trips country=IR without expanded
    ok 2 - round-trips country=IR without expanded
      ---
      duration_ms: 0.368617
      type: 'test'
      ...
    1..2
ok 88 - expanded param round-trip
  ---
  duration_ms: 1.393338
  type: 'suite'
  ...
1..88
# tests 530
# suites 107
# pass 526
# fail 4
# cancelled 0
# skipped 0
# todo 0
# duration_ms 5791.395734
